Component: ARM Compiler 5.06 update 7 (build 960) Tool: armlink [4d3601]

==============================================================================

Section Cross References

    startup_stm32f401xc.o(STACK) refers (Special) to heapauxi.o(.text) for __use_two_region_memory
    startup_stm32f401xc.o(HEAP) refers (Special) to heapauxi.o(.text) for __use_two_region_memory
    startup_stm32f401xc.o(RESET) refers (Special) to heapauxi.o(.text) for __use_two_region_memory
    startup_stm32f401xc.o(RESET) refers to startup_stm32f401xc.o(STACK) for __initial_sp
    startup_stm32f401xc.o(RESET) refers to startup_stm32f401xc.o(.text) for Reset_Handler
    startup_stm32f401xc.o(RESET) refers to stm32f4xx_it.o(i.NMI_Handler) for NMI_Handler
    startup_stm32f401xc.o(RESET) refers to stm32f4xx_it.o(i.HardFault_Handler) for HardFault_Handler
    startup_stm32f401xc.o(RESET) refers to stm32f4xx_it.o(i.MemManage_Handler) for MemManage_Handler
    startup_stm32f401xc.o(RESET) refers to stm32f4xx_it.o(i.BusFault_Handler) for BusFault_Handler
    startup_stm32f401xc.o(RESET) refers to stm32f4xx_it.o(i.UsageFault_Handler) for UsageFault_Handler
    startup_stm32f401xc.o(RESET) refers to port.o(.emb_text) for SVC_Handler
    startup_stm32f401xc.o(RESET) refers to stm32f4xx_it.o(i.DebugMon_Handler) for DebugMon_Handler
    startup_stm32f401xc.o(RESET) refers to cmsis_os2.o(i.SysTick_Handler) for SysTick_Handler
    startup_stm32f401xc.o(RESET) refers to stm32f4xx_it.o(i.DMA1_Stream0_IRQHandler) for DMA1_Stream0_IRQHandler
    startup_stm32f401xc.o(RESET) refers to stm32f4xx_it.o(i.DMA1_Stream6_IRQHandler) for DMA1_Stream6_IRQHandler
    startup_stm32f401xc.o(RESET) refers to stm32f4xx_it.o(i.TIM1_BRK_TIM9_IRQHandler) for TIM1_BRK_TIM9_IRQHandler
    startup_stm32f401xc.o(RESET) refers to stm32f4xx_it.o(i.TIM2_IRQHandler) for TIM2_IRQHandler
    startup_stm32f401xc.o(RESET) refers to stm32f4xx_it.o(i.I2C1_EV_IRQHandler) for I2C1_EV_IRQHandler
    startup_stm32f401xc.o(.text) refers (Special) to heapauxi.o(.text) for __use_two_region_memory
    startup_stm32f401xc.o(.text) refers to system_stm32f4xx.o(i.SystemInit) for SystemInit
    startup_stm32f401xc.o(.text) refers to __main.o(!!!main) for __main
    startup_stm32f401xc.o(.text) refers to startup_stm32f401xc.o(HEAP) for Heap_Mem
    startup_stm32f401xc.o(.text) refers to startup_stm32f401xc.o(STACK) for Stack_Mem
    main.o(i.HAL_TIM_PeriodElapsedCallback) refers to stm32f4xx_hal.o(i.HAL_IncTick) for HAL_IncTick
    main.o(i.SystemClock_Config) refers to rt_memclr_w.o(.text) for __aeabi_memclr4
    main.o(i.SystemClock_Config) refers to stm32f4xx_hal_rcc.o(i.HAL_RCC_OscConfig) for HAL_RCC_OscConfig
    main.o(i.SystemClock_Config) refers to main.o(i.Error_Handler) for Error_Handler
    main.o(i.SystemClock_Config) refers to stm32f4xx_hal_rcc.o(i.HAL_RCC_ClockConfig) for HAL_RCC_ClockConfig
    main.o(i.main) refers to stm32f4xx_hal.o(i.HAL_Init) for HAL_Init
    main.o(i.main) refers to main.o(i.SystemClock_Config) for SystemClock_Config
    main.o(i.main) refers to gpio.o(i.MX_GPIO_Init) for MX_GPIO_Init
    main.o(i.main) refers to dma.o(i.MX_DMA_Init) for MX_DMA_Init
    main.o(i.main) refers to i2c.o(i.MX_I2C1_Init) for MX_I2C1_Init
    main.o(i.main) refers to tim.o(i.MX_TIM2_Init) for MX_TIM2_Init
    main.o(i.main) refers to cmsis_os2.o(i.osKernelInitialize) for osKernelInitialize
    main.o(i.main) refers to freertos.o(i.MX_FREERTOS_Init) for MX_FREERTOS_Init
    main.o(i.main) refers to cmsis_os2.o(i.osKernelStart) for osKernelStart
    freertos.o(i.MX_FREERTOS_Init) refers to timers.o(i.xTimerCreate) for xTimerCreate
    freertos.o(i.MX_FREERTOS_Init) refers to queue.o(i.xQueueGenericCreate) for xQueueGenericCreate
    freertos.o(i.MX_FREERTOS_Init) refers to tasks.o(i.xTaskCreate) for xTaskCreate
    freertos.o(i.MX_FREERTOS_Init) refers to queue.o(i.xQueueGenericSend) for xQueueGenericSend
    freertos.o(i.MX_FREERTOS_Init) refers to tasks.o(i.xTaskGetTickCount) for xTaskGetTickCount
    freertos.o(i.MX_FREERTOS_Init) refers to timers.o(i.xTimerGenericCommand) for xTimerGenericCommand
    freertos.o(i.MX_FREERTOS_Init) refers to mytask.o(i.MyTimerCallback) for MyTimerCallback
    freertos.o(i.MX_FREERTOS_Init) refers to mytask.o(.data) for Timer1
    freertos.o(i.MX_FREERTOS_Init) refers to i2c_dma.o(.data) for I2C1_DMAQueue
    freertos.o(i.MX_FREERTOS_Init) refers to i2c_dma.o(i.I2C1_DMA_TransTask) for I2C1_DMA_TransTask
    freertos.o(i.StartDefaultTask) refers to cmsis_os2.o(i.osDelay) for osDelay
    freertos.o(.constdata) refers to freertos.o(.conststring) for .conststring
    dma.o(i.MX_DMA_Init) refers to stm32f4xx_hal_cortex.o(i.HAL_NVIC_SetPriority) for HAL_NVIC_SetPriority
    dma.o(i.MX_DMA_Init) refers to stm32f4xx_hal_cortex.o(i.HAL_NVIC_EnableIRQ) for HAL_NVIC_EnableIRQ
    i2c.o(i.HAL_I2C_MspDeInit) refers to stm32f4xx_hal_gpio.o(i.HAL_GPIO_DeInit) for HAL_GPIO_DeInit
[...]
    .init_array                              0x080070b8   Section        0  init_aeabi.o(.init_array)
    .data                                    0x20000000   Section        9  stm32f4xx_hal.o(.data)
    .data                                    0x2000000c   Section        4  system_stm32f4xx.o(.data)
    .data                                    0x20000010   Section       60  tasks.o(.data)
    pxDelayedTaskList                        0x20000014   Data           4  tasks.o(.data)
    pxOverflowDelayedTaskList                0x20000018   Data           4  tasks.o(.data)
    uxDeletedTasksWaitingCleanUp             0x2000001c   Data           4  tasks.o(.data)
    uxCurrentNumberOfTasks                   0x20000020   Data           4  tasks.o(.data)
    xTickCount                               0x20000024   Data           4  tasks.o(.data)
    uxTopReadyPriority                       0x20000028   Data           4  tasks.o(.data)
    xSchedulerRunning                        0x2000002c   Data           4  tasks.o(.data)
    xPendedTicks                             0x20000030   Data           4  tasks.o(.data)
    xYieldPending                            0x20000034   Data           4  tasks.o(.data)
    xNumOfOverflows                          0x20000038   Data           4  tasks.o(.data)
    uxTaskNumber                             0x2000003c   Data           4  tasks.o(.data)
    xNextTaskUnblockTime                     0x20000040   Data           4  tasks.o(.data)
    xIdleTaskHandle                          0x20000044   Data           4  tasks.o(.data)
    uxSchedulerSuspended                     0x20000048   Data           4  tasks.o(.data)
    .data                                    0x2000004c   Section       20  timers.o(.data)
    pxCurrentTimerList                       0x2000004c   Data           4  timers.o(.data)
    pxOverflowTimerList                      0x20000050   Data           4  timers.o(.data)
    xTimerQueue                              0x20000054   Data           4  timers.o(.data)
    xTimerTaskHandle                         0x20000058   Data           4  timers.o(.data)
    xLastTime                                0x2000005c   Data           4  timers.o(.data)
    .data                                    0x20000060   Section        4  cmsis_os2.o(.data)
    KernelState                              0x20000060   Data           4  cmsis_os2.o(.data)
    .data                                    0x20000064   Section       32  heap_4.o(.data)
    xStart                                   0x20000064   Data           8  heap_4.o(.data)
    pxEnd                                    0x2000006c   Data           4  heap_4.o(.data)
    xFreeBytesRemaining                      0x20000070   Data           4  heap_4.o(.data)
    xMinimumEverFreeBytesRemaining           0x20000074   Data           4  heap_4.o(.data)
    xNumberOfSuccessfulAllocations           0x20000078   Data           4  heap_4.o(.data)
    xNumberOfSuccessfulFrees                 0x2000007c   Data           4  heap_4.o(.data)
    xBlockAllocatedBit                       0x20000080   Data           4  heap_4.o(.data)
    .data                                    0x20000084   Section       12  port.o(.data)
    uxCriticalNesting                        0x20000084   Data           4  port.o(.data)
    ucMaxSysCallPriority                     0x20000088   Data           1  port.o(.data)
    ulMaxPRIGROUPValue                       0x2000008c   Data           4  port.o(.data)
    .data                                    0x20000090   Section       40  drv_dwt.o(.data)
    .data                                    0x200000b8   Section       32  dvc_dwt.o(.data)
    CNT_TEMP1                                0x200000c0   Data           8  dvc_dwt.o(.data)
    CNT_TEMP2                                0x200000c8   Data           8  dvc_dwt.o(.data)
    CNT_TEMP3                                0x200000d0   Data           8  dvc_dwt.o(.data)
    .data                                    0x200000d8   Section        5  mytask.o(.data)
    Init_Flag                                0x200000dc   Data           1  mytask.o(.data)
    .data                                    0x200000e0   Section       16  oled.o(.data)
    I2C_TransData                            0x200000e4   Data           8  oled.o(.data)
    sendBuffer                               0x200000ec   Data           2  oled.o(.data)
    temp                                     0x200000ee   Data           1  oled.o(.data)
    temp                                     0x200000ef   Data           1  oled.o(.data)
    .data                                    0x200000f0   Section       32  i2c_dma.o(.data)
    I2C_TransData                            0x200000fc   Data           8  i2c_dma.o(.data)
    .bss                                     0x20000110   Section      276  i2c.o(.bss)
    .bss                                     0x20000224   Section       72  tim.o(.bss)
    .bss                                     0x2000026c   Section       72  stm32f4xx_hal_timebase_tim.o(.bss)
    .bss                                     0x200002b4   Section       64  queue.o(.bss)
    .bss                                     0x200002f4   Section     1220  tasks.o(.bss)
    pxReadyTasksLists                        0x200002f4   Data        1120  tasks.o(.bss)
    xDelayedTaskList1                        0x20000754   Data          20  tasks.o(.bss)
    xDelayedTaskList2                        0x20000768   Data          20  tasks.o(.bss)
    xPendingReadyList                        0x2000077c   Data          20  tasks.o(.bss)
    xTasksWaitingTermination                 0x20000790   Data          20  tasks.o(.bss)
    xSuspendedTaskList                       0x200007a4   Data          20  tasks.o(.bss)
    .bss                                     0x200007b8   Section      280  timers.o(.bss)
    xActiveTimerList1                        0x200007b8   Data          20  timers.o(.bss)
    xActiveTimerList2                        0x200007cc   Data          20  timers.o(.bss)
    xStaticTimerQueue                        0x200007e0   Data          80  timers.o(.bss)
    ucStaticTimerQueueStorage                0x20000830   Data         160  timers.o(.bss)
    .bss                                     0x200008d0   Section     3384  cmsis_os2.o(.bss)
    Idle_TCB                                 0x200008d0   Data          92  cmsis_os2.o(.bss)
    Idle_Stack                               0x2000092c   Data        2000  cmsis_os2.o(.bss)
    Timer_TCB                                0x200010fc   Data          92  cmsis_os2.o(.bss)
    Timer_Stack                              0x20001158   Data        1200  cmsis_os2.o(.bss)
    .bss                                     0x20001608   Section    15360  heap_4.o(.bss)
    ucHeap                                   0x20001608   Data       15360  heap_4.o(.bss)
    .bss                                     0x20005208   Section      160  mytask.o(.bss)
    .bss                                     0x200052a8   Section     9361  oled.o(.bss)
    sendBuffer                               0x200076b8   Data         129  oled.o(.bss)
    .bss                                     0x2000773c   Section       96  libspace.o(.bss)
    HEAP                                     0x200077a0   Section      512  startup_stm32f401xc.o(HEAP)
    Heap_Mem                                 0x200077a0   Data         512  startup_stm32f401xc.o(HEAP)
    STACK                                    0x200079a0   Section     1024  startup_stm32f401xc.o(STACK)
    Stack_Mem                                0x200079a0   Data        1024  startup_stm32f401xc.o(STACK)
    __initial_sp                             0x20007da0   Data           0  startup_stm32f401xc.o(STACK)

    Global Symbols

    Symbol Name                              Value     Ov Type        Size  Object(Section)

    BuildAttributes$$THM_ISAv4$E$P$D$K$B$S$7EM$VFPi3$EXTD16$VFPS$VFMA$PE$A:L22UL41UL21$X:L11$S22US41US21$IEEE1$IW$USESV6$~STKCKD$USESV7$~SHL$OTIME$ROPI$IEEEJ$EBA8$UX$STANDARDLIB$REQ8$PRES8$EABIv2 0x00000000   Number         0  anon$$obj.o ABSOLUTE
    __ARM_use_no_argv                        0x00000000   Number         0  main.o ABSOLUTE
    __ARM::default_unexpected_handler()       - Undefined Weak Reference
    __ARM_exceptions_buffer_required          - Undefined Weak Reference
    __ARM_exceptions_init                     - Undefined Weak Reference
    __alloca_initialize                       - Undefined Weak Reference
    __arm_fini_                               - Undefined Weak Reference
    __arm_preinit_                            - Undefined Weak Reference
    __cxa_finalize                            - Undefined Weak Reference
    __rt_locale                               - Undefined Weak Reference
    __sigvec_lookup                           - Undefined Weak Reference
    __user_heap_extent                        - Undefined Weak Reference
    _atexit_init                              - Undefined Weak Reference
    _call_atexit_fns                          - Undefined Weak Reference
    _clock_init                               - Undefined Weak Reference
    _fp_trap_init                             - Undefined Weak Reference
    _fp_trap_shutdown                         - Undefined Weak Reference
    _get_lc_collate                           - Undefined Weak Reference
    _get_lc_ctype                             - Undefined Weak Reference
    _get_lc_monetary                          - Undefined Weak Reference
    _get_lc_numeric                           - Undefined Weak Reference
    _get_lc_time                              - Undefined Weak Reference
    _getenv_init                              - Undefined Weak Reference
    _handle_redirection                       - Undefined Weak Reference
    _initio                                   - Undefined Weak Reference
    _mutex_acquire                            - Undefined Weak Reference
    _mutex_free                               - Undefined Weak Reference
    _mutex_release                            - Undefined Weak Reference
    _rand_init                                - Undefined Weak Reference
    _signal_finish                            - Undefined Weak Reference
    _signal_init                              - Undefined Weak Reference
    _terminateio                              - Undefined Weak Reference
    __Vectors_Size                           0x00000194   Number         0  startup_stm32f401xc.o ABSOLUTE
    __Vectors                                0x08000000   Data           4  startup_stm32f401xc.o(RESET)
    __Vectors_End                            0x08000194   Data           0  startup_stm32f401xc.o(RESET)
    __main                                   0x08000195   Thumb Code     8  __main.o(!!!main)
    __scatterload                            0x0800019d   Thumb Code     0  __scatter.o(!!!scatter)
    __scatterload_rt2                        0x0800019d   Thumb Code    44  __scatter.o(!!!scatter)
    __scatterload_rt2_thumb_only             0x0800019d   Thumb Code     0  __scatter.o(!!!scatter)
    __scatterload_null                       0x080001ab   Thumb Code     0  __scatter.o(!!!scatter)
    __scatterload_copy                       0x080001d1   Thumb Code    26  __scatter_copy.o(!!handler_copy)
    __scatterload_zeroinit                   0x080001ed   Thumb Code    28  __scatter_zi.o(!!handler_zi)
    __rt_lib_init                            0x08000209   Thumb Code     0  libinit.o(.ARM.Collect$$libinit$$00000000)
    __rt_lib_init_fp_1                       0x0800020b   Thumb Code     0  libinit2.o(.ARM.Collect$$libinit$$00000001)
    __rt_lib_init_alloca_1                   0x0800020f   Thumb Code     0  libinit2.o(.ARM.Collect$$libinit$$0000002E)
    __rt_lib_init_argv_1                     0x0800020f   Thumb Code     0  libinit2.o(.ARM.Collect$$libinit$$0000002C)
    __rt_lib_init_atexit_1                   0x0800020f   Thumb Code     0  libinit2.o(.ARM.Collect$$libinit$$0000001B)
    __rt_lib_init_clock_1                    0x0800020f   Thumb Code     0  libinit2.o(.ARM.Collect$$libinit$$00000021)
    __rt_lib_init_cpp_2                      0x0800020f   Thumb Code     0  libinit2.o(.ARM.Collect$$libinit$$00000031)
    __rt_lib_init_exceptions_1               0x0800020f   Thumb Code     0  libinit2.o(.ARM.Collect$$libinit$$00000030)
    __rt_lib_init_fp_trap_1                  0x0800020f   Thumb Code     0  libinit2.o(.ARM.Collect$$libinit$$0000001F)
    __rt_lib_init_getenv_1                   0x0800020f   Thumb Code     0  libinit2.o(.ARM.Collect$$libinit$$00000023)
    __rt_lib_init_heap_1                     0x0800020f   Thumb Code     0  libinit2.o(.ARM.Collect$$libinit$$0000000A)
    __rt_lib_init_lc_collate_1               0x0800020f   Thumb Code     0  libinit2.o(.ARM.Collect$$libinit$$00000011)
    __rt_lib_init_lc_ctype_1                 0x0800020f   Thumb Code     0  libinit2.o(.ARM.Collect$$libinit$$00000013)
    __rt_lib_init_lc_monetary_1              0x0800020f   Thumb Code     0  libinit2.o(.ARM.Collect$$libinit$$00000015)
    __rt_lib_init_lc_numeric_1               0x0800020f   Thumb Code     0  libinit2.o(.ARM.Collect$$libinit$$00000017)
    __rt_lib_init_lc_time_1                  0x0800020f   Thumb Code     0  libinit2.o(.ARM.Collect$$libinit$$00000019)
    __rt_lib_init_preinit_1                  0x0800020f   Thumb Code     0  libinit2.o(.ARM.Collect$$libinit$$00000004)
    __rt_lib_init_rand_1                     0x0800020f   Thumb Code     0  libinit2.o(.ARM.Collect$$libinit$$0000000E)
    __rt_lib_init_signal_1                   0x0800020f   Thumb Code     0  libinit2.o(.ARM.Collect$$libinit$$0000001D)
    __rt_lib_init_stdio_1                    0x0800020f   Thumb Code     0  libinit2.o(.ARM.Collect$$libinit$$00000025)
    __rt_lib_init_user_alloc_1               0x0800020f   Thumb Code     0  libinit2.o(.ARM.Collect$$libinit$$0000000C)
    __rt_lib_init_cpp_1                      0x08000213   Thumb Code     0  libinit2.o(.ARM.Collect$$libinit$$00000032)
    __rt_lib_init_return                     0x08000213   Thumb Code     0  libinit2.o(.ARM.Collect$$libinit$$00000033)
    __rt_lib_shutdown                        0x08000215   Thumb Code     0  libshutdown.o(.ARM.Collect$$libshutdown$$00000000)
    __rt_lib_shutdown_cpp_1                  0x08000217   Thumb Code     0  libshutdown2.o(.ARM.Collect$$libshutdown$$00000004)
    __rt_lib_shutdown_fini_1                 0x08000217   Thumb Code     0  libshutdown2.o(.ARM.Collect$$libshutdown$$00000002)
    __rt_lib_shutdown_fp_trap_1              0x08000217   Thumb Code     0  libshutdown2.o(.ARM.Collect$$libshutdown$$00000009)
    __rt_lib_shutdown_heap_1                 0x08000217   Thumb Code     0  libshutdown2.o(.ARM.Collect$$libshutdown$$00000011)
    __rt_lib_shutdown_return                 0x08000217   Thumb Code     0  libshutdown2.o(.ARM.Collect$$libshutdown$$00000012)
    __rt_lib_shutdown_signal_1               0x08000217   Thumb Code     0  libshutdown2.o(.ARM.Collect$$libshutdown$$0000000C)
    __rt_lib_shutdown_stdio_1                0x08000217   Thumb Code     0  libshutdown2.o(.ARM.Collect$$libshutdown$$00000006)
    __rt_lib_shutdown_user_alloc_1           0x08000217   Thumb Code     0  libshutdown2.o(.ARM.Collect$$libshutdown$$0000000E)
    __rt_entry                               0x08000219   Thumb Code     0  __rtentry.o(.ARM.Collect$$rtentry$$00000000)
    __rt_entry_presh_1                       0x08000219   Thumb Code     0  __rtentry2.o(.ARM.Collect$$rtentry$$00000002)
    __rt_entry_sh                            0x08000219   Thumb Code     0  __rtentry4.o(.ARM.Collect$$rtentry$$00000004)
    __rt_entry_li                            0x0800021f   Thumb Code     0  __rtentry2.o(.ARM.Collect$$rtentry$$0000000A)
    __rt_entry_postsh_1                      0x0800021f   Thumb Code     0  __rtentry2.o(.ARM.Collect$$rtentry$$00000009)
    __rt_entry_main                          0x08000223   Thumb Code     0  __rtentry2.o(.ARM.Collect$$rtentry$$0000000D)
    __rt_entry_postli_1                      0x08000223   Thumb Code     0  __rtentry2.o(.ARM.Collect$$rtentry$$0000000C)
    __rt_exit                                0x0800022b   Thumb Code     0  rtexit.o(.ARM.Collect$$rtexit$$00000000)
    __rt_exit_ls                             0x0800022d   Thumb Code     0  rtexit2.o(.ARM.Collect$$rtexit$$00000003)
    __rt_exit_prels_1                        0x0800022d   Thumb Code     0  rtexit2.o(.ARM.Collect$$rtexit$$00000002)
    __rt_exit_exit                           0x08000231   Thumb Code     0  rtexit2.o(.ARM.Collect$$rtexit$$00000004)
    SVC_Handler                              0x08000239   Thumb Code    28  port.o(.emb_text)
    __asm___6_port_c_39a90d8d__prvStartFirstTask 0x08000259   Thumb Code    36  port.o(.emb_text)
    __asm___6_port_c_39a90d8d__prvEnableVFP  0x08000281   Thumb Code    16  port.o(.emb_text)
    PendSV_Handler                           0x08000295   Thumb Code    88  port.o(.emb_text)
    vPortGetIPSR                             0x080002f1   Thumb Code     6  port.o(.emb_text)
    Reset_Handler                            0x080002f9   Thumb Code     8  startup_stm32f401xc.o(.text)
    ADC_IRQHandler                           0x08000313   Thumb Code     0  startup_stm32f401xc.o(.text)
    DMA1_Stream1_IRQHandler                  0x08000313   Thumb Code     0  startup_stm32f401xc.o(.text)
    DMA1_Stream2_IRQHandler                  0x08000313   Thumb Code     0  startup_stm32f401xc.o(.text)
    DMA1_Stream3_IRQHandler                  0x08000313   Thumb Code     0  startup_stm32f401xc.o(.text)
    DMA1_Stream4_IRQHandler                  0x08000313   Thumb Code     0  startup_stm32f401xc.o(.text)
    DMA1_Stream5_IRQHandler                  0x08000313   Thumb Code     0  startup_stm32f401xc.o(.text)
    DMA1_Stream7_IRQHandler                  0x08000313   Thumb Code     0  startup_stm32f401xc.o(.text)
    DMA2_Stream0_IRQHandler                  0x08000313   Thumb Code     0  startup_stm32f401xc.o(.text)
    DMA2_Stream1_IRQHandler                  0x08000313   Thumb Code     0  startup_stm32f401xc.o(.text)
    DMA2_Stream2_IRQHandler                  0x08000313   Thumb Code     0  startup_stm32f401xc.o(.text)
    DMA2_Stream3_IRQHandler                  0x08000313   Thumb Code     0  startup_stm32f401xc.o(.text)
    DMA2_Stream4_IRQHandler                  0x08000313   Thumb Code     0  startup_stm32f401xc.o(.text)
    DMA2_Stream5_IRQHandler                  0x08000313   Thumb Code     0  startup_stm32f401xc.o(.text)
    DMA2_Stream6_IRQHandler                  0x08000313   Thumb Code     0  startup_stm32f401xc.o(.text)
    DMA2_Stream7_IRQHandler                  0x08000313   Thumb Code     0  startup_stm32f401xc.o(.text)
    EXTI0_IRQHandler                         0x08000313   Thumb Code     0  startup_stm32f401xc.o(.text)
    EXTI15_10_IRQHandler                     0x08000313   Thumb Code     0  startup_stm32f401xc.o(.text)
    EXTI1_IRQHandler                         0x08000313   Thumb Code     0  startup_stm32f401xc.o(.text)
    EXTI2_IRQHandler                         0x08000313   Thumb Code     0  startup_stm32f401xc.o(.text)
    EXTI3_IRQHandler                         0x08000313   Thumb Code     0  startup_stm32f401xc.o(.text)
    EXTI4_IRQHandler                         0x08000313   Thumb Code     0  startup_stm32f401xc.o(.text)
    EXTI9_5_IRQHandler                       0x08000313   Thumb Code     0  startup_stm32f401xc.o(.text)
    FLASH_IRQHandler                         0x08000313   Thumb Code     0  startup_stm32f401xc.o(.text)
    FPU_IRQHandler                           0x08000313   Thumb Code     0  startup_stm32f401xc.o(.text)
    I2C1_ER_IRQHandler                       0x08000313   Thumb Code     0  startup_stm32f401xc.o(.text)
    I2C2_ER_IRQHandler                       0x08000313   Thumb Code     0  startup_stm32f401xc.o(.text)
    I2C2_EV_IRQHandler                       0x08000313   Thumb Code     0  startup_stm32f401xc.o(.text)
    I2C3_ER_IRQHandler                       0x08000313   Thumb Code     0  startup_stm32f401xc.o(.text)
    I2C3_EV_IRQHandler                       0x08000313   Thumb Code     0  startup_stm32f401xc.o(.text)
    OTG_FS_IRQHandler                        0x08000313   Thumb Code     0  startup_stm32f401xc.o(.text)
    OTG_FS_WKUP_IRQHandler                   0x08000313   Thumb Code     0  startup_stm32f401xc.o(.text)
    PVD_IRQHandler                           0x08000313   Thumb Code     0  startup_stm32f401xc.o(.text)
    RCC_IRQHandler                           0x08000313   Thumb Code     0  startup_stm32f401xc.o(.text)
    RTC_Alarm_IRQHandler                     0x08000313   Thumb Code     0  startup_stm32f401xc.o(.text)
    RTC_WKUP_IRQHandler                      0x08000313   Thumb Code     0  startup_stm32f401xc.o(.text)
    SDIO_IRQHandler                          0x08000313   Thumb Code     0  startup_stm32f401xc.o(.text)
    SPI1_IRQHandler                          0x08000313   Thumb Code     0  startup_stm32f401xc.o(.text)
    SPI2_IRQHandler                          0x08000313   Thumb Code     0  startup_stm32f401xc.o(.text)
    SPI3_IRQHandler                          0x08000313   Thumb Code     0  startup_stm32f401xc.o(.text)
    SPI4_IRQHandler                          0x08000313   Thumb Code     0  startup_stm32f401xc.o(.text)
    TAMP_STAMP_IRQHandler                    0x08000313   Thumb Code     0  startup_stm32f401xc.o(.text)
    TIM1_CC_IRQHandler                       0x08000313   Thumb Code     0  startup_stm32f401xc.o(.text)
    TIM1_TRG_COM_TIM11_IRQHandler            0x08000313   Thumb Code     0  startup_stm32f401xc.o(.text)
    TIM1_UP_TIM10_IRQHandler                 0x08000313   Thumb Code     0  startup_stm32f401xc.o(.text)
    TIM3_IRQHandler                          0x08000313   Thumb Code     0  startup_stm32f401xc.o(.text)
    TIM4_IRQHandler                          0x08000313   Thumb Code     0  startup_stm32f401xc.o(.text)
    TIM5_IRQHandler                          0x08000313   Thumb Code     0  startup_stm32f401xc.o(.text)
    USART1_IRQHandler                        0x08000313   Thumb Code     0  startup_stm32f401xc.o(.text)
    USART2_IRQHandler                        0x08000313   Thumb Code     0  startup_stm32f401xc.o(.text)
    USART6_IRQHandler                        0x08000313   Thumb Code     0  startup_stm32f401xc.o(.text)
    WWDG_IRQHandler                          0x08000313   Thumb Code     0  startup_stm32f401xc.o(.text)
    __user_initial_stackheap                 0x08000315   Thumb Code     0  startup_stm32f401xc.o(.text)
    __aeabi_uldivmod                         0x08000339   Thumb Code     0  lludivv7m.o(.text)
    _ll_udiv                                 0x08000339   Thumb Code   238  lludivv7m.o(.text)
    __aeabi_memcpy                           0x08000427   Thumb Code     0  rt_memcpy_v6.o(.text)
    __rt_memcpy                              0x08000427   Thumb Code   138  rt_memcpy_v6.o(.text)
    _memcpy_lastbytes                        0x0800048d   Thumb Code     0  rt_memcpy_v6.o(.text)
    __aeabi_memset                           0x080004b1   Thumb Code    16  aeabi_memset.o(.text)
    __aeabi_memclr                           0x080004c1   Thumb Code     0  rt_memclr.o(.text)
    __rt_memclr                              0x080004c1   Thumb Code    68  rt_memclr.o(.text)
    _memset                                  0x080004c5   Thumb Code     0  rt_memclr.o(.text)
    __aeabi_memclr4                          0x08000505   Thumb Code     0  rt_memclr_w.o(.text)
    __aeabi_memclr8                          0x08000505   Thumb Code     0  rt_memclr_w.o(.text)
    __rt_memclr_w                            0x08000505   Thumb Code    78  rt_memclr_w.o(.text)
    _memset_w                                0x08000509   Thumb Code     0  rt_memclr_w.o(.text)
    __use_two_region_memory                  0x08000553   Thumb Code     2  heapauxi.o(.text)
    __rt_heap_escrow                         0x08000555   Thumb Code     2  heapauxi.o(.text)
    __rt_heap_expand                         0x08000557   Thumb Code     2  heapauxi.o(.text)
    __cpp_initialize__aeabi_                 0x08000559   Thumb Code    26  init_aeabi.o(.text)
    __read_errno                             0x0800057d   Thumb Code    10  _rserrno.o(.text)
    __set_errno                              0x08000587   Thumb Code    12  _rserrno.o(.text)
    __aeabi_memcpy4                          0x08000593   Thumb Code     0  rt_memcpy_w.o(.text)
    __aeabi_memcpy8                          0x08000593   Thumb Code     0  rt_memcpy_w.o(.text)
    __rt_memcpy_w                            0x08000593   Thumb Code   100  rt_memcpy_w.o(.text)
    _memcpy_lastbytes_aligned                0x080005db   Thumb Code     0  rt_memcpy_w.o(.text)
    __aeabi_errno_addr                       0x080005f9   Thumb Code     8  rt_errno_addr_intlibspace.o(.text)
    __errno$intlibspace                      0x080005f9   Thumb Code     0  rt_errno_addr_intlibspace.o(.text)
    __rt_errno_addr$intlibspace              0x080005f9   Thumb Code     0  rt_errno_addr_intlibspace.o(.text)
    __user_libspace                          0x08000601   Thumb Code     8  libspace.o(.text)
    __user_perproc_libspace                  0x08000601   Thumb Code     0  libspace.o(.text)
    __user_perthread_libspace                0x08000601   Thumb Code     0  libspace.o(.text)
    __user_setup_stackheap                   0x08000609   Thumb Code    74  sys_stackheap_outer.o(.text)
    exit                                     0x08000653   Thumb Code    18  exit.o(.text)
    _sys_exit                                0x08000665   Thumb Code     8  sys_exit.o(.text)
    __I$use$semihosting                      0x08000671   Thumb Code     0  use_no_semi.o(.text)
    __use_no_semihosting_swi                 0x08000671   Thumb Code     2  use_no_semi.o(.text)
    BusFault_Handler                         0x08000673   Thumb Code     4  stm32f4xx_it.o(i.BusFault_Handler)
    __semihosting_library_function           0x08000673   Thumb Code     0  indicate_semi.o(.text)
    DMA1_Stream0_IRQHandler                  0x08000679   Thumb Code    10  stm32f4xx_it.o(i.DMA1_Stream0_IRQHandler)
    DMA1_Stream6_IRQHandler                  0x08000689   Thumb Code    10  stm32f4xx_it.o(i.DMA1_Stream6_IRQHandler)
    DWT_GetDeltaT                            0x080007a5   Thumb Code    68  dvc_dwt.o(i.DWT_GetDeltaT)
    DWT_Init                                 0x080007f1   Thumb Code    74  drv_dwt.o(i.DWT_Init)
    DebugMon_Handler                         0x08000859   Thumb Code     2  stm32f4xx_it.o(i.DebugMon_Handler)
    Error_Handler                            0x0800085b   Thumb Code     6  main.o(i.Error_Handler)
    Find_Free_Buffer                         0x08000861   Thumb Code    36  group_state.o(i.Find_Free_Buffer)
    HAL_DMA_Abort_IT                         0x08000885   Thumb Code    40  stm32f4xx_hal_dma.o(i.HAL_DMA_Abort_IT)
    HAL_DMA_GetError                         0x080008ad   Thumb Code     6  stm32f4xx_hal_dma.o(i.HAL_DMA_GetError)
    HAL_DMA_GetState                         0x080008b3   Thumb Code     8  stm32f4xx_hal_dma.o(i.HAL_DMA_GetState)
    HAL_DMA_IRQHandler                       0x080008bd   Thumb Code   570  stm32f4xx_hal_dma.o(i.HAL_DMA_IRQHandler)
    HAL_DMA_Init                             0x08000afd   Thumb Code   232  stm32f4xx_hal_dma.o(i.HAL_DMA_Init)
    HAL_DMA_Start_IT                         0x08000be9   Thumb Code   146  stm32f4xx_hal_dma.o(i.HAL_DMA_Start_IT)
    HAL_GPIO_Init                            0x08000c7d   Thumb Code   424  stm32f4xx_hal_gpio.o(i.HAL_GPIO_Init)
    HAL_GetTick                              0x08000e45   Thumb Code     6  stm32f4xx_hal.o(i.HAL_GetTick)
    HAL_I2C_AbortCpltCallback                0x08000e51   Thumb Code     2  stm32f4xx_hal_i2c.o(i.HAL_I2C_AbortCpltCallback)
    HAL_I2C_AddrCallback                     0x08000e53   Thumb Code     2  stm32f4xx_hal_i2c.o(i.HAL_I2C_AddrCallback)
    HAL_I2C_EV_IRQHandler                    0x08000e55   Thumb Code   474  stm32f4xx_hal_i2c.o(i.HAL_I2C_EV_IRQHandler)
    HAL_I2C_ErrorCallback                    0x0800102f   Thumb Code     2  stm32f4xx_hal_i2c.o(i.HAL_I2C_ErrorCallback)
    HAL_I2C_Init                             0x08001031   Thumb Code   446  stm32f4xx_hal_i2c.o(i.HAL_I2C_Init)
    HAL_I2C_ListenCpltCallback               0x08001201   Thumb Code     2  stm32f4xx_hal_i2c.o(i.HAL_I2C_ListenCpltCallback)
    HAL_I2C_MasterRxCpltCallback             0x08001203   Thumb Code     2  stm32f4xx_hal_i2c.o(i.HAL_I2C_MasterRxCpltCallback)
    HAL_I2C_MasterTxCpltCallback             0x08001205   Thumb Code     2  i2c_dma.o(i.HAL_I2C_MasterTxCpltCallback)
    HAL_I2C_Master_Transmit                  0x08001209   Thumb Code   360  stm32f4xx_hal_i2c.o(i.HAL_I2C_Master_Transmit)
    HAL_I2C_MemRxCpltCallback                0x08001379   Thumb Code     2  stm32f4xx_hal_i2c.o(i.HAL_I2C_MemRxCpltCallback)
    HAL_I2C_MemTxCpltCallback                0x0800137d   Thumb Code    78  i2c_dma.o(i.HAL_I2C_MemTxCpltCallback)
    HAL_I2C_Mem_Write_DMA                    0x080013e9   Thumb Code   522  stm32f4xx_hal_i2c.o(i.HAL_I2C_Mem_Write_DMA)
    HAL_I2C_MspInit                          0x08001605   Thumb Code   268  i2c.o(i.HAL_I2C_MspInit)
    HAL_I2C_SlaveRxCpltCallback              0x08001729   Thumb Code     2  stm32f4xx_hal_i2c.o(i.HAL_I2C_SlaveRxCpltCallback)
    HAL_I2C_SlaveTxCpltCallback              0x0800172b   Thumb Code     2  stm32f4xx_hal_i2c.o(i.HAL_I2C_SlaveTxCpltCallback)
    HAL_IncTick                              0x0800172d   Thumb Code    16  stm32f4xx_hal.o(i.HAL_IncTick)
    HAL_Init                                 0x08001745   Thumb Code    54  stm32f4xx_hal.o(i.HAL_Init)
    HAL_InitTick                             0x08001781   Thumb Code   140  stm32f4xx_hal_timebase_tim.o(i.HAL_InitTick)
    HAL_MspInit                              0x08001821   Thumb Code    78  stm32f4xx_hal_msp.o(i.HAL_MspInit)
    HAL_NVIC_EnableIRQ                       0x08001875   Thumb Code    40  stm32f4xx_hal_cortex.o(i.HAL_NVIC_EnableIRQ)
    HAL_NVIC_SetPriority                     0x0800189d   Thumb Code   124  stm32f4xx_hal_cortex.o(i.HAL_NVIC_SetPriority)
    HAL_NVIC_SetPriorityGrouping             0x08001919   Thumb Code    32  stm32f4xx_hal_cortex.o(i.HAL_NVIC_SetPriorityGrouping)
    HAL_RCC_ClockConfig                      0x08001941   Thumb Code   368  stm32f4xx_hal_rcc.o(i.HAL_RCC_ClockConfig)
    HAL_RCC_GetClockConfig                   0x08001ac5   Thumb Code    58  stm32f4xx_hal_rcc.o(i.HAL_RCC_GetClockConfig)
    HAL_RCC_GetHCLKFreq                      0x08001b09   Thumb Code     6  stm32f4xx_hal_rcc.o(i.HAL_RCC_GetHCLKFreq)
    HAL_RCC_GetPCLK1Freq                     0x08001b15   Thumb Code    22  stm32f4xx_hal_rcc.o(i.HAL_RCC_GetPCLK1Freq)
    HAL_RCC_GetPCLK2Freq                     0x08001b35   Thumb Code    22  stm32f4xx_hal_rcc.o(i.HAL_RCC_GetPCLK2Freq)
    HAL_RCC_GetSysClockFreq                  0x08001b55   Thumb Code   162  stm32f4xx_hal_rcc.o(i.HAL_RCC_GetSysClockFreq)
    HAL_RCC_OscConfig                        0x08001c05   Thumb Code  1172  stm32f4xx_hal_rcc.o(i.HAL_RCC_OscConfig)
    HAL_TIMEx_BreakCallback                  0x080020a1   Thumb Code     2  stm32f4xx_hal_tim_ex.o(i.HAL_TIMEx_BreakCallback)
    HAL_TIMEx_CommutCallback                 0x080020a3   Thumb Code     2  stm32f4xx_hal_tim_ex.o(i.HAL_TIMEx_CommutCallback)
    HAL_TIMEx_MasterConfigSynchronization    0x080020a5   Thumb Code   134  stm32f4xx_hal_tim_ex.o(i.HAL_TIMEx_MasterConfigSynchronization)
    HAL_TIM_Base_Init                        0x08002141   Thumb Code   102  stm32f4xx_hal_tim.o(i.HAL_TIM_Base_Init)
    HAL_TIM_Base_MspInit                     0x080021a9   Thumb Code    62  tim.o(i.HAL_TIM_Base_MspInit)
    HAL_TIM_Base_Start_IT                    0x080021ed   Thumb Code   122  stm32f4xx_hal_tim.o(i.HAL_TIM_Base_Start_IT)
    HAL_TIM_ConfigClockSource                0x0800227d   Thumb Code   268  stm32f4xx_hal_tim.o(i.HAL_TIM_ConfigClockSource)
    HAL_TIM_IC_CaptureCallback               0x08002389   Thumb Code     2  stm32f4xx_hal_tim.o(i.HAL_TIM_IC_CaptureCallback)
    HAL_TIM_IRQHandler                       0x0800238b   Thumb Code   364  stm32f4xx_hal_tim.o(i.HAL_TIM_IRQHandler)
    HAL_TIM_OC_DelayElapsedCallback          0x080024f7   Thumb Code     2  stm32f4xx_hal_tim.o(i.HAL_TIM_OC_DelayElapsedCallback)
    HAL_TIM_PWM_PulseFinishedCallback        0x080024f9   Thumb Code     2  stm32f4xx_hal_tim.o(i.HAL_TIM_PWM_PulseFinishedCallback)
    HAL_TIM_PeriodElapsedCallback            0x080024fd   Thumb Code    18  main.o(i.HAL_TIM_PeriodElapsedCallback)
    HAL_TIM_TriggerCallback                  0x08002515   Thumb Code     2  stm32f4xx_hal_tim.o(i.HAL_TIM_TriggerCallback)
    HardFault_Handler                        0x08002517   Thumb Code     4  stm32f4xx_it.o(i.HardFault_Handler)
    I2C1_Add_TransData                       0x0800251d   Thumb Code    18  i2c_dma.o(i.I2C1_Add_TransData)
    I2C1_DMA_TransTask                       0x08002535   Thumb Code    64  i2c_dma.o(i.I2C1_DMA_TransTask)
    I2C1_EV_IRQHandler                       0x08002589   Thumb Code    10  stm32f4xx_it.o(i.I2C1_EV_IRQHandler)
    MX_DMA_Init                              0x08003911   Thumb Code    68  dma.o(i.MX_DMA_Init)
    MX_FREERTOS_Init                         0x08003959   Thumb Code   118  freertos.o(i.MX_FREERTOS_Init)
    MX_GPIO_Init                             0x08003a01   Thumb Code   126  gpio.o(i.MX_GPIO_Init)
    MX_I2C1_Init                             0x08003a85   Thumb Code    48  i2c.o(i.MX_I2C1_Init)
    MX_TIM2_Init                             0x08003ac1   Thumb Code   102  tim.o(i.MX_TIM2_Init)
    MemManage_Handler                        0x08003b2d   Thumb Code     4  stm32f4xx_it.o(i.MemManage_Handler)
    MyTimerCallback                          0x08003b31   Thumb Code    36  mytask.o(i.MyTimerCallback)
    NMI_Handler                              0x08003b61   Thumb Code     4  stm32f4xx_it.o(i.NMI_Handler)
    OLED_DisPlay_On                          0x08003b65   Thumb Code    22  oled.o(i.OLED_DisPlay_On)
    OLED_DrawFilledRoundRect                 0x08003b7b   Thumb Code   560  oled.o(i.OLED_DrawFilledRoundRect)
    OLED_DrawLine                            0x08003dad   Thumb Code   326  oled.o(i.OLED_DrawLine)
    OLED_Init                                0x08003ef9   Thumb Code   216  oled.o(i.OLED_Init)
    OLED_NewFrame                            0x08003fd1   Thumb Code    14  oled.o(i.OLED_NewFrame)
    OLED_Send                                0x08003fe5   Thumb Code    26  oled.o(i.OLED_Send)
    OLED_SendCmd                             0x08004005   Thumb Code    16  oled.o(i.OLED_SendCmd)
    OLED_SetColorMode                        0x08004019   Thumb Code    24  oled.o(i.OLED_SetColorMode)
    OLED_SetPixel                            0x08004031   Thumb Code   132  oled.o(i.OLED_SetPixel)
    OLED_ShowFrame                           0x080040b9   Thumb Code    68  oled.o(i.OLED_ShowFrame)
    OLED_ShowFrame_DMA                       0x08004105   Thumb Code    92  oled.o(i.OLED_ShowFrame_DMA)
    Set_Busy_BufferBit                       0x08004171   Thumb Code    28  group_state.o(i.Set_Busy_BufferBit)
    Set_Free_BufferBit                       0x0800418d   Thumb Code    28  group_state.o(i.Set_Free_BufferBit)
    SysTick_Handler                          0x080041a9   Thumb Code    22  cmsis_os2.o(i.SysTick_Handler)
    SystemClock_Config                       0x080041c1   Thumb Code   176  main.o(i.SystemClock_Config)
    SystemInit                               0x08004279   Thumb Code    14  system_stm32f4xx.o(i.SystemInit)
    TIM1_BRK_TIM9_IRQHandler                 0x0800428d   Thumb Code    10  stm32f4xx_it.o(i.TIM1_BRK_TIM9_IRQHandler)
    TIM2_IRQHandler                          0x0800429d   Thumb Code    10  stm32f4xx_it.o(i.TIM2_IRQHandler)
    TIM_Base_SetConfig                       0x080042ad   Thumb Code   142  stm32f4xx_hal_tim.o(i.TIM_Base_SetConfig)
    TIM_ETR_SetConfig                        0x08004359   Thumb Code    22  stm32f4xx_hal_tim.o(i.TIM_ETR_SetConfig)
    Task_Init                                0x080043d1   Thumb Code    38  mytask.o(i.Task_Init)
    UsageFault_Handler                       0x080043fd   Thumb Code     4  stm32f4xx_it.o(i.UsageFault_Handler)
    Class_EmoEyes::Emo_Updata()              0x08004431   Thumb Code   224  myemo.o(i._ZN13Class_EmoEyes10Emo_UpdataEv)
    Class_EmoEyes::Init(unsigned char, unsigned char) 0x08004515   Thumb Code   140  myemo.o(i._ZN13Class_EmoEyes4InitEhh)
    Class_EmoEyes::Blink(Class_Eye*)         0x080045a9   Thumb Code   180  myemo.o(i._ZN13Class_EmoEyes5BlinkEP9Class_Eye)
    Class_EmoEyes::Eyes_Show(Class_Eye)      0x0800465d   Thumb Code    44  myemo.o(i._ZN13Class_EmoEyes9Eyes_ShowE9Class_Eye)
    Class_Eye::Class_Eye(const Class_Eye&)   0x08004689   Thumb Code    56  myemo.o(i._ZN9Class_EyeC1ERKS_)
    Class_Eye::Class_Eye__sub_object(const Class_Eye&) 0x08004689   Thumb Code     0  myemo.o(i._ZN9Class_EyeC1ERKS_)
    Class_Eye::Class_Eye()                   0x080046c1   Thumb Code     6  mytask.o(i._ZN9Class_EyeC1Ev)
    Class_Eye::Class_Eye__sub_object()       0x080046c1   Thumb Code     0  mytask.o(i._ZN9Class_EyeC1Ev)
    Class_PID::Set_Target(float)             0x080046cd   Thumb Code     6  pid.o(i._ZN9Class_PID10Set_TargetEf)
    Class_PID::Init(float, float, float, short, short, short, short) 0x080046d3   Thumb Code    26  pid.o(i._ZN9Class_PID4InitEfffssss)
    Class_PID::Get_Out()                     0x080046ed   Thumb Code     6  pid.o(i._ZN9Class_PID7Get_OutEv)
    Class_PID::Set_Now(float)                0x080046f3   Thumb Code     6  pid.o(i._ZN9Class_PID7Set_NowEf)
    Class_PID::Calculate()                   0x080046f9   Thumb Code   282  pid.o(i._ZN9Class_PID9CalculateEv)
    Class_PID::Class_PID(const Class_PID&)   0x08004815   Thumb Code   110  myemo.o(i._ZN9Class_PIDC1ERKS_)
    Class_PID::Class_PID__sub_object(const Class_PID&) 0x08004815   Thumb Code     0  myemo.o(i._ZN9Class_PIDC1ERKS_)
    __hardfp_sqrt                            0x080048c7   Thumb Code   122  sqrt.o(i.__hardfp_sqrt)
    main                                     0x08004975   Thumb Code    40  main.o(i.main)
    osKernelInitialize                       0x0800499d   Thumb Code    38  cmsis_os2.o(i.osKernelInitialize)
    osKernelStart                            0x080049c9   Thumb Code    82  cmsis_os2.o(i.osKernelStart)
    pvPortMalloc                             0x080054bd   Thumb Code   316  heap_4.o(i.pvPortMalloc)
    pvTaskIncrementMutexHeldCount            0x08005611   Thumb Code    26  tasks.o(i.pvTaskIncrementMutexHeldCount)
    pxPortInitialiseStack                    0x08005631   Thumb Code    38  port.o(i.pxPortInitialiseStack)
    uxListRemove                             0x0800565d   Thumb Code    40  list.o(i.uxListRemove)
    vApplicationGetIdleTaskMemory            0x08005685   Thumb Code    16  cmsis_os2.o(i.vApplicationGetIdleTaskMemory)
    vApplicationGetTimerTaskMemory           0x0800569d   Thumb Code    16  cmsis_os2.o(i.vApplicationGetTimerTaskMemory)
    vApplicationMallocFailedHook             0x080056b5   Thumb Code     4  freertos.o(i.vApplicationMallocFailedHook)
    vApplicationStackOverflowHook            0x080056b9   Thumb Code     4  freertos.o(i.vApplicationStackOverflowHook)
    vListInitialise                          0x080056bd   Thumb Code    26  list.o(i.vListInitialise)
    vListInitialiseItem                      0x080056d7   Thumb Code     6  list.o(i.vListInitialiseItem)
    vListInsert                              0x080056dd   Thumb Code    52  list.o(i.vListInsert)
    vListInsertEnd                           0x08005711   Thumb Code    24  list.o(i.vListInsertEnd)
    vPortEnterCritical                       0x08005729   Thumb Code    76  port.o(i.vPortEnterCritical)
    vPortExitCritical                        0x0800577d   Thumb Code    56  port.o(i.vPortExitCritical)
    vPortFree                                0x080057b9   Thumb Code   150  heap_4.o(i.vPortFree)
    vPortSetupTimerInterrupt                 0x0800585d   Thumb Code    36  port.o(i.vPortSetupTimerInterrupt)
    vPortValidateInterruptPriority           0x08005885   Thumb Code   106  port.o(i.vPortValidateInterruptPriority)
    vQueueAddToRegistry                      0x080058fd   Thumb Code    38  queue.o(i.vQueueAddToRegistry)
    vQueueWaitForMessageRestricted           0x08005929   Thumb Code    74  queue.o(i.vQueueWaitForMessageRestricted)
    vTaskInternalSetTimeOutState             0x08005975   Thumb Code    14  tasks.o(i.vTaskInternalSetTimeOutState)
    vTaskMissedYield                         0x0800598d   Thumb Code     8  tasks.o(i.vTaskMissedYield)
    vTaskPlaceOnEventList                    0x08005999   Thumb Code    52  tasks.o(i.vTaskPlaceOnEventList)
    vTaskPlaceOnEventListRestricted          0x080059d1   Thumb Code    60  tasks.o(i.vTaskPlaceOnEventListRestricted)
    vTaskPriorityDisinheritAfterTimeout      0x08005a11   Thumb Code   194  tasks.o(i.vTaskPriorityDisinheritAfterTimeout)
    vTaskStartScheduler                      0x08005ae1   Thumb Code   156  tasks.o(i.vTaskStartScheduler)
    vTaskSuspendAll                          0x08005b99   Thumb Code    12  tasks.o(i.vTaskSuspendAll)
    vTaskSwitchContext                       0x08005ba9   Thumb Code   152  tasks.o(i.vTaskSwitchContext)
    xPortStartScheduler                      0x08005c55   Thumb Code   330  port.o(i.xPortStartScheduler)
    xPortSysTickHandler                      0x08005dbd   Thumb Code    46  port.o(i.xPortSysTickHandler)
    xQueueGenericCreate                      0x08005df1   Thumb Code    90  queue.o(i.xQueueGenericCreate)
    xQueueGenericCreateStatic                0x08005e4b   Thumb Code   224  queue.o(i.xQueueGenericCreateStatic)
    xQueueGenericReset                       0x08005f2d   Thumb Code   146  queue.o(i.xQueueGenericReset)
    xQueueGenericSend                        0x08005fc5   Thumb Code   420  queue.o(i.xQueueGenericSend)
    xQueueGenericSendFromISR                 0x0800616d   Thumb Code   252  queue.o(i.xQueueGenericSendFromISR)
    xQueueGiveFromISR                        0x08006269   Thumb Code   224  queue.o(i.xQueueGiveFromISR)
    xQueueReceive                            0x08006349   Thumb Code   356  queue.o(i.xQueueReceive)
    xQueueSemaphoreTake                      0x080064b1   Thumb Code   434  queue.o(i.xQueueSemaphoreTake)
    xTaskCheckForTimeOut                     0x08006669   Thumb Code   132  tasks.o(i.xTaskCheckForTimeOut)
    xTaskCreate                              0x080066f5   Thumb Code   100  tasks.o(i.xTaskCreate)
    xTaskCreateStatic                        0x08006759   Thumb Code   186  tasks.o(i.xTaskCreateStatic)
    xTaskGetSchedulerState                   0x08006815   Thumb Code    24  tasks.o(i.xTaskGetSchedulerState)
    xTaskGetTickCount                        0x08006835   Thumb Code     6  tasks.o(i.xTaskGetTickCount)
    xTaskIncrementTick                       0x08006841   Thumb Code   280  tasks.o(i.xTaskIncrementTick)
    xTaskPriorityDisinherit                  0x08006985   Thumb Code   152  tasks.o(i.xTaskPriorityDisinherit)
    xTaskPriorityInherit                     0x08006a29   Thumb Code   150  tasks.o(i.xTaskPriorityInherit)
    xTaskRemoveFromEventList                 0x08006acd   Thumb Code   126  tasks.o(i.xTaskRemoveFromEventList)
    xTaskResumeAll                           0x08006b65   Thumb Code   222  tasks.o(i.xTaskResumeAll)
    xTimerCreate                             0x08006c69   Thumb Code    54  timers.o(i.xTimerCreate)
    xTimerCreateTimerTask                    0x08006ca1   Thumb Code   100  timers.o(i.xTimerCreateTimerTask)
    xTimerGenericCommand                     0x08006d19   Thumb Code   128  timers.o(i.xTimerGenericCommand)
    __aeabi_d2uiz                            0x08006d9d   Thumb Code     0  dfixu.o(x$fpl$dfixu)
    _dfixu                                   0x08006d9d   Thumb Code    90  dfixu.o(x$fpl$dfixu)
    __aeabi_i2d                              0x08006df7   Thumb Code     0  dflt_clz.o(x$fpl$dflt)
    _dflt                                    0x08006df7   Thumb Code    46  dflt_clz.o(x$fpl$dflt)
    __fpl_dnaninf                            0x08006e25   Thumb Code   156  dnaninf.o(x$fpl$dnaninf)
    _dsqrt                                   0x08006ec1   Thumb Code   404  dsqrt_umaal.o(x$fpl$dsqrt)
    _fp_init                                 0x08007059   Thumb Code    10  fpinit.o(x$fpl$fpinit)
    __fplib_config_fpu_vfp                   0x08007061   Thumb Code     0  fpinit.o(x$fpl$fpinit)
    __fplib_config_pureend_doubles           0x08007061   Thumb Code     0  fpinit.o(x$fpl$fpinit)
    __I$use$fp                               0x08007062   Number         0  usenofp.o(x$fpl$usenofp)
    AHBPrescTable                            0x0800706a   Data          16  system_stm32f4xx.o(.constdata)
    APBPrescTable                            0x0800707a   Data           8  system_stm32f4xx.o(.constdata)
    vtable for Class_PID                     0x08007084   Data          12  pid.o(.constdata__ZTV9Class_PID)
    Region$$Table$$Base                      0x08007090   Number         0  anon$$obj.o(Region$$Table)
    Region$$Table$$Limit                     0x080070b0   Number         0  anon$$obj.o(Region$$Table)
    SHT$$INIT_ARRAY$$Base                    0x080070b0   Number         0  dvc_dwt.o(.init_array)
    SHT$$INIT_ARRAY$$Limit                   0x080070b8   Number         0  init_aeabi.o(.init_array)
    uwTick                                   0x20000000   Data           4  stm32f4xx_hal.o(.data)
    uwTickPrio                               0x20000004   Data           4  stm32f4xx_hal.o(.data)
    uwTickFreq                               0x20000008   Data           1  stm32f4xx_hal.o(.data)
    SystemCoreClock                          0x2000000c   Data           4  system_stm32f4xx.o(.data)
    pxCurrentTCB                             0x20000010   Data           4  tasks.o(.data)
    SysTime                                  0x20000090   Data           8  drv_dwt.o(.data)
    CPU_FREQ_Hz                              0x20000098   Data           4  drv_dwt.o(.data)
    CPU_FREQ_Hz_ms                           0x2000009c   Data           4  drv_dwt.o(.data)
    CPU_FREQ_Hz_us                           0x200000a0   Data           4  drv_dwt.o(.data)
    CYCCNT_RountCount                        0x200000a4   Data           4  drv_dwt.o(.data)
    CYCCNT_LAST                              0x200000a8   Data           4  drv_dwt.o(.data)
    CYCCNT64                                 0x200000b0   Data           8  drv_dwt.o(.data)
    cnt_now                                  0x200000b8   Data           4  dvc_dwt.o(.data)
    Timer1                                   0x200000d8   Data           4  mytask.o(.data)
    OLED_DMA_StateFlag                       0x200000e0   Data           1  oled.o(.data)
    I2C1_DMAQueue                            0x200000f0   Data           4  i2c_dma.o(.data)
    I2C1_TaskHandle                          0x200000f4   Data           4  i2c_dma.o(.data)
    I2C1_DMA_IDLE                            0x200000f8   Data           4  i2c_dma.o(.data)
    Last_TransNum                            0x20000104   Data           1  i2c_dma.o(.data)
    Last_Refresh_Time                        0x20000108   Data           4  i2c_dma.o(.data)
    FPS                                      0x2000010c   Data           4  i2c_dma.o(.data)
    hi2c1                                    0x20000110   Data          84  i2c.o(.bss)
    hdma_i2c1_rx                             0x20000164   Data          96  i2c.o(.bss)
    hdma_i2c1_tx                             0x200001c4   Data          96  i2c.o(.bss)
    htim2                                    0x20000224   Data          72  tim.o(.bss)
    htim9                                    0x2000026c   Data          72  stm32f4xx_hal_timebase_tim.o(.bss)
    xQueueRegistry                           0x200002b4   Data          64  queue.o(.bss)
    EmoEyes                                  0x20005208   Data         160  mytask.o(.bss)
    OLED_GRAM                                0x200052a8   Data        1024  oled.o(.bss)
    OLED_TransBuffer                         0x200056a8   Data        8208  oled.o(.bss)
    __libspace_start                         0x2000773c   Data          96  libspace.o(.bss)
    __temporary_stack_top$libspace           0x2000779c   Data           0  libspace.o(.bss)



==============================================================================

Memory Map of the image

  Image Entry point : 0x08000195

  Load Region LR_IROM1 (Base: 0x08000000, Size: 0x000071c8, Max: 0x00040000, ABSOLUTE)

    Execution Region ER_IROM1 (Exec base: 0x08000000, Load base: 0x08000000, Size: 0x000070b8, Max: 0x00040000, ABSOLUTE)

    Exec Addr    Load Addr    Size         Type   Attr      Idx    E Section Name        Object

    0x08000000   0x08000000   0x00000194   Data   RO            3    RESET               startup_stm32f401xc.o
    0x08000194   0x08000194   0x00000008   Code   RO         6108  * !!!main             c_w.l(__main.o)
    0x0800019c   0x0800019c   0x00000034   Code   RO         6593    !!!scatter          c_w.l(__scatter.o)
    0x080001d0   0x080001d0   0x0000001a   Code   RO         6595    !!handler_copy      c_w.l(__scatter_copy.o)
    0x080001ea   0x080001ea   0x00000002   PAD
    0x080001ec   0x080001ec   0x0000001c   Code   RO         6597    !!handler_zi        c_w.l(__scatter_zi.o)
    0x08000208   0x08000208   0x00000002   Code   RO         6460    .ARM.Collect$$libinit$$00000000  c_w.l(libinit.o)
    0x0800020a   0x0800020a   0x00000004   Code   RO         6269    .ARM.Collect$$libinit$$00000001  c_w.l(libinit2.o)
    0x0800020e   0x0800020e   0x00000000   Code   RO         6272    .ARM.Collect$$libinit$$00000004  c_w.l(libinit2.o)
    0x0800020e   0x0800020e   0x00000000   Code   RO         6275    .ARM.Collect$$libinit$$0000000A  c_w.l(libinit2.o)
    0x0800020e   0x0800020e   0x00000000   Code   RO         6277    .ARM.Collect$$libinit$$0000000C  c_w.l(libinit2.o)
    0x0800020e   0x0800020e   0x00000000   Code   RO         6279    .ARM.Collect$$libinit$$0000000E  c_w.l(libinit2.o)
    0x0800020e   0x0800020e   0x00000000   Code   RO         6282    .ARM.Collect$$libinit$$00000011  c_w.l(libinit2.o)
    0x0800020e   0x0800020e   0x00000000   Code   RO         6284    .ARM.Collect$$libinit$$00000013  c_w.l(libinit2.o)
    0x0800020e   0x0800020e   0x00000000   Code   RO         6286    .ARM.Collect$$libinit$$00000015  c_w.l(libinit2.o)
    0x0800020e   0x0800020e   0x00000000   Code   RO         6288    .ARM.Collect$$libinit$$00000017  c_w.l(libinit2.o)
    0x0800020e   0x0800020e   0x00000000   Code   RO         6290    .ARM.Collect$$libinit$$00000019  c_w.l(libinit2.o)
    0x0800020e   0x0800020e   0x00000000   Code   RO         6292    .ARM.Collect$$libinit$$0000001B  c_w.l(libinit2.o)
    0x0800020e   0x0800020e   0x00000000   Code   RO         6294    .ARM.Collect$$libinit$$0000001D  c_w.l(libinit2.o)
    0x0800020e   0x0800020e   0x00000000   Code   RO         6296    .ARM.Collect$$libinit$$0000001F  c_w.l(libinit2.o)
    0x0800020e   0x0800020e   0x00000000   Code   RO         6298    .ARM.Collect$$libinit$$00000021  c_w.l(libinit2.o)
    0x0800020e   0x0800020e   0x00000000   Code   RO         6300    .ARM.Collect$$libinit$$00000023  c_w.l(libinit2.o)
    0x0800020e   0x0800020e   0x00000000   Code   RO         6302    .ARM.Collect$$libinit$$00000025  c_w.l(libinit2.o)
    0x0800020e   0x0800020e   0x00000000   Code   RO         6306    .ARM.Collect$$libinit$$0000002C  c_w.l(libinit2.o)
    0x0800020e   0x0800020e   0x00000000   Code   RO         6308    .ARM.Collect$$libinit$$0000002E  c_w.l(libinit2.o)
    0x0800020e   0x0800020e   0x00000000   Code   RO         6310    .ARM.Collect$$libinit$$00000030  c_w.l(libinit2.o)
    0x0800020e   0x0800020e   0x00000004   Code   RO         6311    .ARM.Collect$$libinit$$00000031  c_w.l(libinit2.o)
    0x08000212   0x08000212   0x00000000   Code   RO         6312    .ARM.Collect$$libinit$$00000032  c_w.l(libinit2.o)
    0x08000212   0x08000212   0x00000002   Code   RO         6313    .ARM.Collect$$libinit$$00000033  c_w.l(libinit2.o)
    0x08000214   0x08000214   0x00000002   Code   RO         6556    .ARM.Collect$$libshutdown$$00000000  c_w.l(libshutdown.o)
    0x08000216   0x08000216   0x00000000   Code   RO         6574    .ARM.Collect$$libshutdown$$00000002  c_w.l(libshutdown2.o)
    0x08000216   0x08000216   0x00000000   Code   RO         6576    .ARM.Collect$$libshutdown$$00000004  c_w.l(libshutdown2.o)
    0x08000216   0x08000216   0x00000000   Code   RO         6578    .ARM.Collect$$libshutdown$$00000006  c_w.l(libshutdown2.o)
    0x08000216   0x08000216   0x00000000   Code   RO         6581    .ARM.Collect$$libshutdown$$00000009  c_w.l(libshutdown2.o)
    0x08000216   0x08000216   0x00000000   Code   RO         6584    .ARM.Collect$$libshutdown$$0000000C  c_w.l(libshutdown2.o)
    0x08000216   0x08000216   0x00000000   Code   RO         6586    .ARM.Collect$$libshutdown$$0000000E  c_w.l(libshutdown2.o)
    0x08000216   0x08000216   0x00000000   Code   RO         6589    .ARM.Collect$$libshutdown$$00000011  c_w.l(libshutdown2.o)
    0x08000216   0x08000216   0x00000002   Code   RO         6590    .ARM.Collect$$libshutdown$$00000012  c_w.l(libshutdown2.o)
    0x08000218   0x08000218   0x00000000   Code   RO         6260    .ARM.Collect$$rtentry$$00000000  c_w.l(__rtentry.o)
    0x08000218   0x08000218   0x00000000   Code   RO         6337    .ARM.Collect$$rtentry$$00000002  c_w.l(__rtentry2.o)
    0x08000218   0x08000218   0x00000006   Code   RO         6349    .ARM.Collect$$rtentry$$00000004  c_w.l(__rtentry4.o)
    0x0800021e   0x0800021e   0x00000000   Code   RO         6339    .ARM.Collect$$rtentry$$00000009  c_w.l(__rtentry2.o)
    0x0800021e   0x0800021e   0x00000004   Code   RO         6340    .ARM.Collect$$rtentry$$0000000A  c_w.l(__rtentry2.o)
    0x08000222   0x08000222   0x00000000   Code   RO         6342    .ARM.Collect$$rtentry$$0000000C  c_w.l(__rtentry2.o)
    0x08000222   0x08000222   0x00000008   Code   RO         6343    .ARM.Collect$$rtentry$$0000000D  c_w.l(__rtentry2.o)
    0x0800022a   0x0800022a   0x00000002   Code   RO         6470    .ARM.Collect$$rtexit$$00000000  c_w.l(rtexit.o)
    0x0800022c   0x0800022c   0x00000000   Code   RO         6525    .ARM.Collect$$rtexit$$00000002  c_w.l(rtexit2.o)
    0x0800022c   0x0800022c   0x00000004   Code   RO         6526    .ARM.Collect$$rtexit$$00000003  c_w.l(rtexit2.o)
    0x08000230   0x08000230   0x00000006   Code   RO         6527    .ARM.Collect$$rtexit$$00000004  c_w.l(rtexit2.o)
    0x08000236   0x08000236   0x00000002   PAD
    0x08000238   0x08000238   0x000000be   Code   RO         5080    .emb_text           port.o
    0x080002f6   0x080002f6   0x00000002   PAD
    0x080002f8   0x080002f8   0x00000040   Code   RO            4    .text               startup_stm32f401xc.o
    0x08000338   0x08000338   0x000000ee   Code   RO         6092    .text               c_w.l(lludivv7m.o)
    0x08000426   0x08000426   0x0000008a   Code   RO         6096    .text               c_w.l(rt_memcpy_v6.o)
    0x080004b0   0x080004b0   0x00000010   Code   RO         6100    .text               c_w.l(aeabi_memset.o)
    0x080004c0   0x080004c0   0x00000044   Code   RO         6102    .text               c_w.l(rt_memclr.o)
    0x08000504   0x08000504   0x0000004e   Code   RO         6104    .text               c_w.l(rt_memclr_w.o)
    0x08000552   0x08000552   0x00000006   Code   RO         6106    .text               c_w.l(heapauxi.o)
    0x08000558   0x08000558   0x00000024   Code   RO         6113    .text               c_w.l(init_aeabi.o)
    0x0800057c   0x0800057c   0x00000016   Code   RO         6265    .text               c_w.l(_rserrno.o)
    0x08000592   0x08000592   0x00000064   Code   RO         6267    .text               c_w.l(rt_memcpy_w.o)
    0x080005f6   0x080005f6   0x00000002   PAD
    0x080005f8   0x080005f8   0x00000008   Code   RO         6356    .text               c_w.l(rt_errno_addr_intlibspace.o)
    0x08000600   0x08000600   0x00000008   Code   RO         6377    .text               c_w.l(libspace.o)
    0x08000608   0x08000608   0x0000004a   Code   RO         6380    .text               c_w.l(sys_stackheap_outer.o)
    0x08000652   0x08000652   0x00000012   Code   RO         6443    .text               c_w.l(exit.o)
    0x08000664   0x08000664   0x0000000c   Code   RO         6466    .text               c_w.l(sys_exit.o)
    0x08000670   0x08000670   0x00000002   Code   RO         6521    .text               c_w.l(use_no_semi.o)
    0x08000672   0x08000672   0x00000000   Code   RO         6523    .text               c_w.l(indicate_semi.o)
    0x08000672   0x08000672   0x00000004   Code   RO          423    i.BusFault_Handler  stm32f4xx_it.o
    0x08000676   0x08000676   0x00000002   PAD
    0x08000678   0x08000678   0x00000010   Code   RO          424    i.DMA1_Stream0_IRQHandler  stm32f4xx_it.o
    0x08000688   0x08000688   0x00000010   Code   RO          425    i.DMA1_Stream6_IRQHandler  stm32f4xx_it.o
    0x08000698   0x08000698   0x00000034   Code   RO         2096    i.DMA_CalcBaseAndBitshift  stm32f4xx_hal_dma.o
    0x080006cc   0x080006cc   0x000000aa   Code   RO         2097    i.DMA_CheckFifoParam  stm32f4xx_hal_dma.o
    0x08000776   0x08000776   0x0000002c   Code   RO         2098    i.DMA_SetConfig     stm32f4xx_hal_dma.o
    0x080007a2   0x080007a2   0x00000002   PAD
    0x080007a4   0x080007a4   0x0000004c   Code   RO         5292    i.DWT_GetDeltaT     dvc_dwt.o
    0x080007f0   0x080007f0   0x00000068   Code   RO         5160    i.DWT_Init          drv_dwt.o
    0x08000858   0x08000858   0x00000002   Code   RO          426    i.DebugMon_Handler  stm32f4xx_it.o
    0x0800085a   0x0800085a   0x00000006   Code   RO           13    i.Error_Handler     main.o
    0x08000860   0x08000860   0x00000024   Code   RO         6066    i.Find_Free_Buffer  group_state.o
    0x08000884   0x08000884   0x00000028   Code   RO         2100    i.HAL_DMA_Abort_IT  stm32f4xx_hal_dma.o
    0x080008ac   0x080008ac   0x00000006   Code   RO         2102    i.HAL_DMA_GetError  stm32f4xx_hal_dma.o
    0x080008b2   0x080008b2   0x00000008   Code   RO         2103    i.HAL_DMA_GetState  stm32f4xx_hal_dma.o
    0x080008ba   0x080008ba   0x00000002   PAD
    0x080008bc   0x080008bc   0x00000240   Code   RO         2104    i.HAL_DMA_IRQHandler  stm32f4xx_hal_dma.o
    0x08000afc   0x08000afc   0x000000ec   Code   RO         2105    i.HAL_DMA_Init      stm32f4xx_hal_dma.o
    0x08000be8   0x08000be8   0x00000092   Code   RO         2109    i.HAL_DMA_Start_IT  stm32f4xx_hal_dma.o
    0x08000c7a   0x08000c7a   0x00000002   PAD
    0x08000c7c   0x08000c7c   0x000001c8   Code   RO         1992    i.HAL_GPIO_Init     stm32f4xx_hal_gpio.o
    0x08000e44   0x08000e44   0x0000000c   Code   RO         2571    i.HAL_GetTick       stm32f4xx_hal.o
    0x08000e50   0x08000e50   0x00000002   Code   RO         2816    i.HAL_I2C_AbortCpltCallback  stm32f4xx_hal_i2c.o
    0x08000e52   0x08000e52   0x00000002   Code   RO         2817    i.HAL_I2C_AddrCallback  stm32f4xx_hal_i2c.o
    0x08000e54   0x08000e54   0x000001da   Code   RO         2821    i.HAL_I2C_EV_IRQHandler  stm32f4xx_hal_i2c.o
    0x0800102e   0x0800102e   0x00000002   Code   RO         2823    i.HAL_I2C_ErrorCallback  stm32f4xx_hal_i2c.o
    0x08001030   0x08001030   0x000001d0   Code   RO         2827    i.HAL_I2C_Init      stm32f4xx_hal_i2c.o
    0x08001200   0x08001200   0x00000002   Code   RO         2829    i.HAL_I2C_ListenCpltCallback  stm32f4xx_hal_i2c.o
    0x08001202   0x08001202   0x00000002   Code   RO         2830    i.HAL_I2C_MasterRxCpltCallback  stm32f4xx_hal_i2c.o
    0x08001204   0x08001204   0x00000002   Code   RO         6012    i.HAL_I2C_MasterTxCpltCallback  i2c_dma.o
    0x08001206   0x08001206   0x00000002   PAD
    0x08001208   0x08001208   0x00000170   Code   RO         2840    i.HAL_I2C_Master_Transmit  stm32f4xx_hal_i2c.o
    0x08001378   0x08001378   0x00000002   Code   RO         2843    i.HAL_I2C_MemRxCpltCallback  stm32f4xx_hal_i2c.o
    0x0800137a   0x0800137a   0x00000002   PAD
    0x0800137c   0x0800137c   0x0000006c   Code   RO         6013    i.HAL_I2C_MemTxCpltCallback  i2c_dma.o
    0x080013e8   0x080013e8   0x0000021c   Code   RO         2849    i.HAL_I2C_Mem_Write_DMA  stm32f4xx_hal_i2c.o
    0x08001604   0x08001604   0x00000124   Code   RO          340    i.HAL_I2C_MspInit   i2c.o
    0x08001728   0x08001728   0x00000002   Code   RO         2853    i.HAL_I2C_SlaveRxCpltCallback  stm32f4xx_hal_i2c.o
    0x0800172a   0x0800172a   0x00000002   Code   RO         2854    i.HAL_I2C_SlaveTxCpltCallback  stm32f4xx_hal_i2c.o
    0x0800172c   0x0800172c   0x00000018   Code   RO         2577    i.HAL_IncTick       stm32f4xx_hal.o
    0x08001744   0x08001744   0x0000003c   Code   RO         2578    i.HAL_Init          stm32f4xx_hal.o
    0x08001780   0x08001780   0x000000a0   Code   RO          535    i.HAL_InitTick      stm32f4xx_hal_timebase_tim.o
    0x08001820   0x08001820   0x00000054   Code   RO          511    i.HAL_MspInit       stm32f4xx_hal_msp.o
    0x08001874   0x08001874   0x00000028   Code   RO         2408    i.HAL_NVIC_EnableIRQ  stm32f4xx_hal_cortex.o
    0x0800189c   0x0800189c   0x0000007c   Code   RO         2414    i.HAL_NVIC_SetPriority  stm32f4xx_hal_cortex.o
    0x08001918   0x08001918   0x00000028   Code   RO         2415    i.HAL_NVIC_SetPriorityGrouping  stm32f4xx_hal_cortex.o
    0x08001940   0x08001940   0x00000184   Code   RO         1559    i.HAL_RCC_ClockConfig  stm32f4xx_hal_rcc.o
    0x08001ac4   0x08001ac4   0x00000044   Code   RO         1563    i.HAL_RCC_GetClockConfig  stm32f4xx_hal_rcc.o
    0x08001b08   0x08001b08   0x0000000c   Code   RO         1564    i.HAL_RCC_GetHCLKFreq  stm32f4xx_hal_rcc.o
    0x08001b14   0x08001b14   0x00000020   Code   RO         1566    i.HAL_RCC_GetPCLK1Freq  stm32f4xx_hal_rcc.o
    0x08001b34   0x08001b34   0x00000020   Code   RO         1567    i.HAL_RCC_GetPCLK2Freq  stm32f4xx_hal_rcc.o
    0x08001b54   0x08001b54   0x000000b0   Code   RO         1568    i.HAL_RCC_GetSysClockFreq  stm32f4xx_hal_rcc.o
    0x08001c04   0x08001c04   0x0000049c   Code   RO         1571    i.HAL_RCC_OscConfig  stm32f4xx_hal_rcc.o
    0x080020a0   0x080020a0   0x00000002   Code   RO         1291    i.HAL_TIMEx_BreakCallback  stm32f4xx_hal_tim_ex.o
    0x080020a2   0x080020a2   0x00000002   Code   RO         1292    i.HAL_TIMEx_CommutCallback  stm32f4xx_hal_tim_ex.o
    0x080020a4   0x080020a4   0x0000009c   Code   RO         1310    i.HAL_TIMEx_MasterConfigSynchronization  stm32f4xx_hal_tim_ex.o
    0x08002140   0x08002140   0x00000066   Code   RO          576    i.HAL_TIM_Base_Init  stm32f4xx_hal_tim.o
    0x080021a6   0x080021a6   0x00000002   PAD
    0x080021a8   0x080021a8   0x00000044   Code   RO          382    i.HAL_TIM_Base_MspInit  tim.o
    0x080021ec   0x080021ec   0x00000090   Code   RO          581    i.HAL_TIM_Base_Start_IT  stm32f4xx_hal_tim.o
    0x0800227c   0x0800227c   0x0000010c   Code   RO          585    i.HAL_TIM_ConfigClockSource  stm32f4xx_hal_tim.o
    0x08002388   0x08002388   0x00000002   Code   RO          610    i.HAL_TIM_IC_CaptureCallback  stm32f4xx_hal_tim.o
    0x0800238a   0x0800238a   0x0000016c   Code   RO          624    i.HAL_TIM_IRQHandler  stm32f4xx_hal_tim.o
    0x080024f6   0x080024f6   0x00000002   Code   RO          627    i.HAL_TIM_OC_DelayElapsedCallback  stm32f4xx_hal_tim.o
    0x080024f8   0x080024f8   0x00000002   Code   RO          654    i.HAL_TIM_PWM_PulseFinishedCallback  stm32f4xx_hal_tim.o
    0x080024fa   0x080024fa   0x00000002   PAD
    0x080024fc   0x080024fc   0x00000018   Code   RO           14    i.HAL_TIM_PeriodElapsedCallback  main.o
    0x08002514   0x08002514   0x00000002   Code   RO          667    i.HAL_TIM_TriggerCallback  stm32f4xx_hal_tim.o
    0x08002516   0x08002516   0x00000004   Code   RO          427    i.HardFault_Handler  stm32f4xx_it.o
    0x0800251a   0x0800251a   0x00000002   PAD
    0x0800251c   0x0800251c   0x00000018   Code   RO         6014    i.I2C1_Add_TransData  i2c_dma.o
    0x08002534   0x08002534   0x00000054   Code   RO         6015    i.I2C1_DMA_TransTask  i2c_dma.o
    0x08002588   0x08002588   0x00000010   Code   RO          428    i.I2C1_EV_IRQHandler  stm32f4xx_it.o
    0x08002598   0x08002598   0x0000001c   Code   RO         2865    i.I2C_ConvertOtherXferOptions  stm32f4xx_hal_i2c.o
    0x080025b4   0x080025b4   0x000000f8   Code   RO         2866    i.I2C_DMAAbort      stm32f4xx_hal_i2c.o
    0x080026ac   0x080026ac   0x00000050   Code   RO         2867    i.I2C_DMAError      stm32f4xx_hal_i2c.o
    0x080026fc   0x080026fc   0x0000013e   Code   RO         2868    i.I2C_DMAXferCplt   stm32f4xx_hal_i2c.o
    0x0800283a   0x0800283a   0x00000012   Code   RO         2869    i.I2C_Flush_DR      stm32f4xx_hal_i2c.o
    0x0800284c   0x0800284c   0x000001ac   Code   RO         2870    i.I2C_ITError       stm32f4xx_hal_i2c.o
    0x080029f8   0x080029f8   0x0000003e   Code   RO         2871    i.I2C_IsAcknowledgeFailed  stm32f4xx_hal_i2c.o
    0x08002a36   0x08002a36   0x00000130   Code   RO         2872    i.I2C_MasterReceive_BTF  stm32f4xx_hal_i2c.o
    0x08002b66   0x08002b66   0x00000104   Code   RO         2873    i.I2C_MasterReceive_RXNE  stm32f4xx_hal_i2c.o
    0x08002c6a   0x08002c6a   0x00000002   PAD
    0x08002c6c   0x08002c6c   0x000000c0   Code   RO         2875    i.I2C_MasterRequestWrite  stm32f4xx_hal_i2c.o
    0x08002d2c   0x08002d2c   0x000000a0   Code   RO         2876    i.I2C_MasterTransmit_BTF  stm32f4xx_hal_i2c.o
    0x08002dcc   0x08002dcc   0x000000d8   Code   RO         2877    i.I2C_MasterTransmit_TXE  stm32f4xx_hal_i2c.o
    0x08002ea4   0x08002ea4   0x0000002a   Code   RO         2878    i.I2C_Master_ADD10  stm32f4xx_hal_i2c.o
    0x08002ece   0x08002ece   0x00000268   Code   RO         2879    i.I2C_Master_ADDR   stm32f4xx_hal_i2c.o
    0x08003136   0x08003136   0x0000009e   Code   RO         2880    i.I2C_Master_SB     stm32f4xx_hal_i2c.o
    0x080031d4   0x080031d4   0x000000c6   Code   RO         2881    i.I2C_MemoryTransmit_TXE_BTF  stm32f4xx_hal_i2c.o
    0x0800329a   0x0800329a   0x00000002   PAD
    0x0800329c   0x0800329c   0x000000e0   Code   RO         2883    i.I2C_RequestMemoryWrite  stm32f4xx_hal_i2c.o
    0x0800337c   0x0800337c   0x0000001a   Code   RO         2884    i.I2C_SlaveReceive_BTF  stm32f4xx_hal_i2c.o
    0x08003396   0x08003396   0x00000046   Code   RO         2885    i.I2C_SlaveReceive_RXNE  stm32f4xx_hal_i2c.o
    0x080033dc   0x080033dc   0x0000001a   Code   RO         2886    i.I2C_SlaveTransmit_BTF  stm32f4xx_hal_i2c.o
    0x080033f6   0x080033f6   0x00000046   Code   RO         2887    i.I2C_SlaveTransmit_TXE  stm32f4xx_hal_i2c.o
    0x0800343c   0x0800343c   0x00000070   Code   RO         2888    i.I2C_Slave_ADDR    stm32f4xx_hal_i2c.o
    0x080034ac   0x080034ac   0x0000018c   Code   RO         2890    i.I2C_Slave_STOPF   stm32f4xx_hal_i2c.o
    0x08003638   0x08003638   0x00000066   Code   RO         2891    i.I2C_WaitOnBTFFlagUntilTimeout  stm32f4xx_hal_i2c.o
    0x0800369e   0x0800369e   0x000000be   Code   RO         2892    i.I2C_WaitOnFlagUntilTimeout  stm32f4xx_hal_i2c.o
    0x0800375c   0x0800375c   0x000000fa   Code   RO         2893    i.I2C_WaitOnMasterAddressFlagUntilTimeout  stm32f4xx_hal_i2c.o
    0x08003856   0x08003856   0x00000002   PAD
    0x08003858   0x08003858   0x00000050   Code   RO         2896    i.I2C_WaitOnSTOPRequestThroughIT  stm32f4xx_hal_i2c.o
    0x080038a8   0x080038a8   0x00000066   Code   RO         2897    i.I2C_WaitOnTXEFlagUntilTimeout  stm32f4xx_hal_i2c.o
    0x0800390e   0x0800390e   0x00000002   PAD
    0x08003910   0x08003910   0x00000048   Code   RO          315    i.MX_DMA_Init       dma.o
    0x08003958   0x08003958   0x000000a8   Code   RO          226    i.MX_FREERTOS_Init  freertos.o
    0x08003a00   0x08003a00   0x00000084   Code   RO          202    i.MX_GPIO_Init      gpio.o
    0x08003a84   0x08003a84   0x0000003c   Code   RO          341    i.MX_I2C1_Init      i2c.o
    0x08003ac0   0x08003ac0   0x0000006c   Code   RO          383    i.MX_TIM2_Init      tim.o
    0x08003b2c   0x08003b2c   0x00000004   Code   RO          429    i.MemManage_Handler  stm32f4xx_it.o
    0x08003b30   0x08003b30   0x00000030   Code   RO         5565    i.MyTimerCallback   mytask.o
    0x08003b60   0x08003b60   0x00000004   Code   RO          430    i.NMI_Handler       stm32f4xx_it.o
    0x08003b64   0x08003b64   0x00000016   Code   RO         5735    i.OLED_DisPlay_On   oled.o
    0x08003b7a   0x08003b7a   0x00000230   Code   RO         5740    i.OLED_DrawFilledRoundRect  oled.o
    0x08003daa   0x08003daa   0x00000002   PAD
    0x08003dac   0x08003dac   0x0000014c   Code   RO         5743    i.OLED_DrawLine     oled.o
    0x08003ef8   0x08003ef8   0x000000d8   Code   RO         5746    i.OLED_Init         oled.o
    0x08003fd0   0x08003fd0   0x00000014   Code   RO         5747    i.OLED_NewFrame     oled.o
    0x08003fe4   0x08003fe4   0x00000020   Code   RO         5751    i.OLED_Send         oled.o
    0x08004004   0x08004004   0x00000014   Code   RO         5752    i.OLED_SendCmd      oled.o
    0x08004018   0x08004018   0x00000018   Code   RO         5758    i.OLED_SetColorMode  oled.o
    0x08004030   0x08004030   0x00000088   Code   RO         5759    i.OLED_SetPixel     oled.o
    0x080040b8   0x080040b8   0x0000004c   Code   RO         5760    i.OLED_ShowFrame    oled.o
    0x08004104   0x08004104   0x0000006c   Code   RO         5761    i.OLED_ShowFrame_DMA  oled.o
    0x08004170   0x08004170   0x0000001c   Code   RO         6067    i.Set_Busy_BufferBit  group_state.o
    0x0800418c   0x0800418c   0x0000001c   Code   RO         6068    i.Set_Free_BufferBit  group_state.o
    0x080041a8   0x080041a8   0x00000016   Code   RO         4498    i.SysTick_Handler   cmsis_os2.o
    0x080041be   0x080041be   0x00000002   PAD
    0x080041c0   0x080041c0   0x000000b8   Code   RO           15    i.SystemClock_Config  main.o
    0x08004278   0x08004278   0x00000014   Code   RO         3324    i.SystemInit        system_stm32f4xx.o
    0x0800428c   0x0800428c   0x00000010   Code   RO          431    i.TIM1_BRK_TIM9_IRQHandler  stm32f4xx_it.o
    0x0800429c   0x0800429c   0x00000010   Code   RO          432    i.TIM2_IRQHandler   stm32f4xx_it.o
    0x080042ac   0x080042ac   0x000000ac   Code   RO          669    i.TIM_Base_SetConfig  stm32f4xx_hal_tim.o
    0x08004358   0x08004358   0x00000016   Code   RO          680    i.TIM_ETR_SetConfig  stm32f4xx_hal_tim.o
    0x0800436e   0x0800436e   0x00000012   Code   RO          681    i.TIM_ITRx_SetConfig  stm32f4xx_hal_tim.o
    0x08004380   0x08004380   0x00000026   Code   RO          687    i.TIM_TI1_ConfigInputStage  stm32f4xx_hal_tim.o
    0x080043a6   0x080043a6   0x00000028   Code   RO          689    i.TIM_TI2_ConfigInputStage  stm32f4xx_hal_tim.o
    0x080043ce   0x080043ce   0x00000002   PAD
    0x080043d0   0x080043d0   0x0000002c   Code   RO         5566    i.Task_Init         mytask.o
    0x080043fc   0x080043fc   0x00000004   Code   RO          433    i.UsageFault_Handler  stm32f4xx_it.o
    0x08004400   0x08004400   0x00000030   Code   RO         5298    i._Z14DWT_CNT_Updatev  dvc_dwt.o
    0x08004430   0x08004430   0x000000e4   Code   RO         5391    i._ZN13Class_EmoEyes10Emo_UpdataEv  myemo.o
    0x08004514   0x08004514   0x00000094   Code   RO         5392    i._ZN13Class_EmoEyes4InitEhh  myemo.o
    0x080045a8   0x080045a8   0x000000b4   Code   RO         5393    i._ZN13Class_EmoEyes5BlinkEP9Class_Eye  myemo.o
    0x0800465c   0x0800465c   0x0000002c   Code   RO         5394    i._ZN13Class_EmoEyes9Eyes_ShowE9Class_Eye  myemo.o
    0x08004688   0x08004688   0x00000038   Code   RO         5431    i._ZN9Class_EyeC1ERKS_  myemo.o
    0x080046c0   0x080046c0   0x0000000c   Code   RO         5606    i._ZN9Class_EyeC1Ev  mytask.o
    0x080046cc   0x080046cc   0x00000006   Code   RO         5951    i._ZN9Class_PID10Set_TargetEf  pid.o
    0x080046d2   0x080046d2   0x0000001a   Code   RO         5952    i._ZN9Class_PID4InitEfffssss  pid.o
    0x080046ec   0x080046ec   0x00000006   Code   RO         5954    i._ZN9Class_PID7Get_OutEv  pid.o
    0x080046f2   0x080046f2   0x00000006   Code   RO         5955    i._ZN9Class_PID7Set_NowEf  pid.o
    0x080046f8   0x080046f8   0x0000011a   Code   RO         5957    i._ZN9Class_PID9CalculateEv  pid.o
    0x08004812   0x08004812   0x00000002   PAD
    0x08004814   0x08004814   0x00000074   Code   RO         5434    i._ZN9Class_PIDC1ERKS_  myemo.o
    0x08004888   0x08004888   0x00000010   Code   RO         2421    i.__NVIC_GetPriorityGrouping  stm32f4xx_hal_cortex.o
    0x08004898   0x08004898   0x00000028   Code   RO         2422    i.__NVIC_SetPriority  stm32f4xx_hal_cortex.o
    0x080048c0   0x080048c0   0x00000006   Code   RO         4500    i.__get_IPSR        cmsis_os2.o
    0x080048c6   0x080048c6   0x0000007a   Code   RO         6248    i.__hardfp_sqrt     m_wm.l(sqrt.o)
    0x08004940   0x08004940   0x00000020   Code   RO         5568    i.__sti___10_MyTask_cpp_EmoEyes  mytask.o
    0x08004960   0x08004960   0x00000014   Code   RO         5299    i.__sti___11_dvc_dwt_cpp_77f7be0d  dvc_dwt.o
    0x08004974   0x08004974   0x00000028   Code   RO           16    i.main              main.o
    0x0800499c   0x0800499c   0x0000002c   Code   RO         4515    i.osKernelInitialize  cmsis_os2.o
    0x080049c8   0x080049c8   0x00000060   Code   RO         4518    i.osKernelStart     cmsis_os2.o
    0x08004a28   0x08004a28   0x0000007c   Code   RO         3938    i.prvAddCurrentTaskToDelayedList  tasks.o
    0x08004aa4   0x08004aa4   0x000000b8   Code   RO         3939    i.prvAddNewTaskToReadyList  tasks.o
    0x08004b5c   0x08004b5c   0x00000074   Code   RO         4314    i.prvCheckForValidListAndQueue  timers.o
    0x08004bd0   0x08004bd0   0x00000048   Code   RO         3940    i.prvCheckTasksWaitingTermination  tasks.o
    0x08004c18   0x08004c18   0x0000002a   Code   RO         3525    i.prvCopyDataFromQueue  queue.o
    0x08004c42   0x08004c42   0x0000007e   Code   RO         3526    i.prvCopyDataToQueue  queue.o
    0x08004cc0   0x08004cc0   0x00000050   Code   RO         3941    i.prvDeleteTCB      tasks.o
    0x08004d10   0x08004d10   0x00000014   Code   RO         3527    i.prvGetDisinheritPriorityAfterTimeout  queue.o
    0x08004d24   0x08004d24   0x00000028   Code   RO         4315    i.prvGetNextExpireTime  timers.o
    0x08004d4c   0x08004d4c   0x0000007c   Code   RO         5025    i.prvHeapInit       heap_4.o
    0x08004dc8   0x08004dc8   0x00000028   Code   RO         3942    i.prvIdleTask       tasks.o
    0x08004df0   0x08004df0   0x0000002a   Code   RO         3529    i.prvInitialiseNewQueue  queue.o
    0x08004e1a   0x08004e1a   0x000000be   Code   RO         3943    i.prvInitialiseNewTask  tasks.o
    0x08004ed8   0x08004ed8   0x0000005a   Code   RO         4316    i.prvInitialiseNewTimer  timers.o
    0x08004f32   0x08004f32   0x00000002   PAD
    0x08004f34   0x08004f34   0x00000068   Code   RO         3944    i.prvInitialiseTaskLists  tasks.o
    0x08004f9c   0x08004f9c   0x00000068   Code   RO         5026    i.prvInsertBlockIntoFreeList  heap_4.o
    0x08005004   0x08005004   0x00000058   Code   RO         4317    i.prvInsertTimerInActiveList  timers.o
    0x0800505c   0x0800505c   0x0000001a   Code   RO         3530    i.prvIsQueueEmpty   queue.o
    0x08005076   0x08005076   0x0000001e   Code   RO         3531    i.prvIsQueueFull    queue.o
    0x08005094   0x08005094   0x00000074   Code   RO         4318    i.prvProcessExpiredTimer  timers.o
    0x08005108   0x08005108   0x00000164   Code   RO         4319    i.prvProcessReceivedCommands  timers.o
    0x0800526c   0x0800526c   0x00000074   Code   RO         4320    i.prvProcessTimerOrBlockTask  timers.o
    0x080052e0   0x080052e0   0x00000034   Code   RO         3946    i.prvResetNextTaskUnblockTime  tasks.o
    0x08005314   0x08005314   0x0000002c   Code   RO         4321    i.prvSampleTimeNow  timers.o
    0x08005340   0x08005340   0x000000a4   Code   RO         4322    i.prvSwitchTimerLists  timers.o
    0x080053e4   0x080053e4   0x00000040   Code   RO         5081    i.prvTaskExitError  port.o
    0x08005424   0x08005424   0x0000001a   Code   RO         4323    i.prvTimerTask      timers.o
    0x0800543e   0x0800543e   0x0000007e   Code   RO         3532    i.prvUnlockQueue    queue.o
    0x080054bc   0x080054bc   0x00000154   Code   RO         5027    i.pvPortMalloc      heap_4.o
    0x08005610   0x08005610   0x00000020   Code   RO         3949    i.pvTaskIncrementMutexHeldCount  tasks.o
    0x08005630   0x08005630   0x0000002c   Code   RO         5082    i.pxPortInitialiseStack  port.o
    0x0800565c   0x0800565c   0x00000028   Code   RO         3485    i.uxListRemove      list.o
    0x08005684   0x08005684   0x00000018   Code   RO         4572    i.vApplicationGetIdleTaskMemory  cmsis_os2.o
    0x0800569c   0x0800569c   0x00000018   Code   RO         4573    i.vApplicationGetTimerTaskMemory  cmsis_os2.o
    0x080056b4   0x080056b4   0x00000004   Code   RO          228    i.vApplicationMallocFailedHook  freertos.o
    0x080056b8   0x080056b8   0x00000004   Code   RO          229    i.vApplicationStackOverflowHook  freertos.o
    0x080056bc   0x080056bc   0x0000001a   Code   RO         3486    i.vListInitialise   list.o
    0x080056d6   0x080056d6   0x00000006   Code   RO         3487    i.vListInitialiseItem  list.o
    0x080056dc   0x080056dc   0x00000034   Code   RO         3488    i.vListInsert       list.o
    0x08005710   0x08005710   0x00000018   Code   RO         3489    i.vListInsertEnd    list.o
    0x08005728   0x08005728   0x00000054   Code   RO         5084    i.vPortEnterCritical  port.o
    0x0800577c   0x0800577c   0x0000003c   Code   RO         5085    i.vPortExitCritical  port.o
    0x080057b8   0x080057b8   0x000000a4   Code   RO         5028    i.vPortFree         heap_4.o
    0x0800585c   0x0800585c   0x00000028   Code   RO         5086    i.vPortSetupTimerInterrupt  port.o
    0x08005884   0x08005884   0x00000078   Code   RO         5087    i.vPortValidateInterruptPriority  port.o
    0x080058fc   0x080058fc   0x0000002c   Code   RO         3538    i.vQueueAddToRegistry  queue.o
    0x08005928   0x08005928   0x0000004a   Code   RO         3542    i.vQueueWaitForMessageRestricted  queue.o
    0x08005972   0x08005972   0x00000002   PAD
    0x08005974   0x08005974   0x00000018   Code   RO         3964    i.vTaskInternalSetTimeOutState  tasks.o
    0x0800598c   0x0800598c   0x0000000c   Code   RO         3965    i.vTaskMissedYield  tasks.o
    0x08005998   0x08005998   0x00000038   Code   RO         3967    i.vTaskPlaceOnEventList  tasks.o
    0x080059d0   0x080059d0   0x00000040   Code   RO         3968    i.vTaskPlaceOnEventListRestricted  tasks.o
    0x08005a10   0x08005a10   0x000000d0   Code   RO         3970    i.vTaskPriorityDisinheritAfterTimeout  tasks.o
    0x08005ae0   0x08005ae0   0x000000b8   Code   RO         3976    i.vTaskStartScheduler  tasks.o
    0x08005b98   0x08005b98   0x00000010   Code   RO         3978    i.vTaskSuspendAll   tasks.o
    0x08005ba8   0x08005ba8   0x000000ac   Code   RO         3979    i.vTaskSwitchContext  tasks.o
    0x08005c54   0x08005c54   0x00000168   Code   RO         5088    i.xPortStartScheduler  port.o
    0x08005dbc   0x08005dbc   0x00000034   Code   RO         5089    i.xPortSysTickHandler  port.o
    0x08005df0   0x08005df0   0x0000005a   Code   RO         3547    i.xQueueGenericCreate  queue.o
    0x08005e4a   0x08005e4a   0x000000e0   Code   RO         3548    i.xQueueGenericCreateStatic  queue.o
    0x08005f2a   0x08005f2a   0x00000002   PAD
    0x08005f2c   0x08005f2c   0x00000098   Code   RO         3549    i.xQueueGenericReset  queue.o
    0x08005fc4   0x08005fc4   0x000001a8   Code   RO         3550    i.xQueueGenericSend  queue.o
    0x0800616c   0x0800616c   0x000000fc   Code   RO         3551    i.xQueueGenericSendFromISR  queue.o
    0x08006268   0x08006268   0x000000e0   Code   RO         3554    i.xQueueGiveFromISR  queue.o
    0x08006348   0x08006348   0x00000168   Code   RO         3560    i.xQueueReceive     queue.o
    0x080064b0   0x080064b0   0x000001b8   Code   RO         3562    i.xQueueSemaphoreTake  queue.o
    0x08006668   0x08006668   0x0000008c   Code   RO         3981    i.xTaskCheckForTimeOut  tasks.o
    0x080066f4   0x080066f4   0x00000064   Code   RO         3982    i.xTaskCreate       tasks.o
    0x08006758   0x08006758   0x000000ba   Code   RO         3983    i.xTaskCreateStatic  tasks.o
    0x08006812   0x08006812   0x00000002   PAD
    0x08006814   0x08006814   0x00000020   Code   RO         3987    i.xTaskGetSchedulerState  tasks.o
    0x08006834   0x08006834   0x0000000c   Code   RO         3988    i.xTaskGetTickCount  tasks.o
    0x08006840   0x08006840   0x00000144   Code   RO         3990    i.xTaskIncrementTick  tasks.o
    0x08006984   0x08006984   0x000000a4   Code   RO         3993    i.xTaskPriorityDisinherit  tasks.o
    0x08006a28   0x08006a28   0x000000a4   Code   RO         3994    i.xTaskPriorityInherit  tasks.o
    0x08006acc   0x08006acc   0x00000098   Code   RO         3995    i.xTaskRemoveFromEventList  tasks.o
    0x08006b64   0x08006b64   0x00000104   Code   RO         3996    i.xTaskResumeAll    tasks.o
    0x08006c68   0x08006c68   0x00000036   Code   RO         4330    i.xTimerCreate      timers.o
    0x08006c9e   0x08006c9e   0x00000002   PAD
    0x08006ca0   0x08006ca0   0x00000078   Code   RO         4332    i.xTimerCreateTimerTask  timers.o
    0x08006d18   0x08006d18   0x00000084   Code   RO         4333    i.xTimerGenericCommand  timers.o
    0x08006d9c   0x08006d9c   0x0000005a   Code   RO         6236    x$fpl$dfixu         fz_wm.l(dfixu.o)
    0x08006df6   0x08006df6   0x0000002e   Code   RO         6241    x$fpl$dflt          fz_wm.l(dflt_clz.o)
    0x08006e24   0x08006e24   0x0000009c   Code   RO         6329    x$fpl$dnaninf       fz_wm.l(dnaninf.o)
    0x08006ec0   0x08006ec0   0x00000198   Code   RO         6333    x$fpl$dsqrt         fz_wm.l(dsqrt_umaal.o)
    0x08007058   0x08007058   0x0000000a   Code   RO         6375    x$fpl$fpinit        fz_wm.l(fpinit.o)
    0x08007062   0x08007062   0x00000000   Code   RO         6335    x$fpl$usenofp       fz_wm.l(usenofp.o)
    0x08007062   0x08007062   0x00000008   Data   RO         2111    .constdata          stm32f4xx_hal_dma.o
    0x0800706a   0x0800706a   0x00000018   Data   RO         3325    .constdata          system_stm32f4xx.o
    0x08007082   0x08007082   0x00000002   PAD
    0x08007084   0x08007084   0x0000000c   Data   RO         5997    .constdata__ZTV9Class_PID  pid.o
    0x08007090   0x08007090   0x00000020   Data   RO         6591    Region$$Table       anon$$obj.o
    0x080070b0   0x080070b0   0x00000004   Data   RO         5310    .init_array         dvc_dwt.o
    0x080070b4   0x080070b0   0x00000004   Data   RO         5575    .init_array         mytask.o
    0x080070b8   0x080070b0   0x00000000   Data   RO         6111    .init_array         c_w.l(init_aeabi.o)


    Execution Region RW_IRAM1 (Exec base: 0x20000000, Load base: 0x080070b8, Size: 0x00007da0, Max: 0x00010000, ABSOLUTE)

    Exec Addr    Load Addr    Size         Type   Attr      Idx    E Section Name        Object

    0x20000000   0x080070b8   0x00000009   Data   RW         2585    .data               stm32f4xx_hal.o
    0x20000009   0x080070c1   0x00000003   PAD
    0x2000000c   0x080070c4   0x00000004   Data   RW         3326    .data               system_stm32f4xx.o
    0x20000010   0x080070c8   0x0000003c   Data   RW         3999    .data               tasks.o
    0x2000004c   0x08007104   0x00000014   Data   RW         4341    .data               timers.o
    0x20000060   0x08007118   0x00000004   Data   RW         4577    .data               cmsis_os2.o
    0x20000064   0x0800711c   0x00000020   Data   RW         5034    .data               heap_4.o
    0x20000084   0x0800713c   0x0000000c   Data   RW         5090    .data               port.o
    0x20000090   0x08007148   0x00000028   Data   RW         5162    .data               drv_dwt.o
    0x200000b8   0x08007170   0x00000020   Data   RW         5309    .data               dvc_dwt.o
    0x200000d8   0x08007190   0x00000005   Data   RW         5574    .data               mytask.o
    0x200000dd   0x08007195   0x00000003   PAD
    0x200000e0   0x08007198   0x00000010   Data   RW         5764    .data               oled.o
    0x200000f0   0x080071a8   0x00000020   Data   RW         6016    .data               i2c_dma.o
    0x20000110        -       0x00000114   Zero   RW          342    .bss                i2c.o
    0x20000224        -       0x00000048   Zero   RW          384    .bss                tim.o
    0x2000026c        -       0x00000048   Zero   RW          538    .bss                stm32f4xx_hal_timebase_tim.o
    0x200002b4        -       0x00000040   Zero   RW         3564    .bss                queue.o
    0x200002f4        -       0x000004c4   Zero   RW         3998    .bss                tasks.o
    0x200007b8        -       0x00000118   Zero   RW         4340    .bss                timers.o
    0x200008d0        -       0x00000d38   Zero   RW         4576    .bss                cmsis_os2.o
    0x20001608        -       0x00003c00   Zero   RW         5033    .bss                heap_4.o
    0x20005208        -       0x000000a0   Zero   RW         5573    .bss                mytask.o
    0x200052a8        -       0x00002491   Zero   RW         5763    .bss                oled.o
    0x20007739   0x080071c8   0x00000003   PAD
    0x2000773c        -       0x00000060   Zero   RW         6378    .bss                c_w.l(libspace.o)
    0x2000779c   0x080071c8   0x00000004   PAD
    0x200077a0        -       0x00000200   Zero   RW            2    HEAP                startup_stm32f401xc.o
    0x200079a0        -       0x00000400   Zero   RW            1    STACK               startup_stm32f401xc.o


==============================================================================

Image component sizes


      Code (inc. data)   RO Data    RW Data    ZI Data      Debug   Object Name

       216         36          0          4       3384      46187   cmsis_os2.o
        72          4          0          0          0        778   dma.o
       104         30          0         40          0       5754   drv_dwt.o
       144         30          4         32          0       1862   dvc_dwt.o
         0          0          0          0          0      19484   event_groups.o
       176         50          0          0          0       6882   freertos.o
       132          6          0          0          0        895   gpio.o
        92          0          0          0          0       2133   group_state.o
       732         72          0         32      15360       4927   heap_4.o
       352         36          0          0        276       1867   i2c.o
       218         56          0         32          0       3524   i2c_dma.o
       148          0          0          0          0       3610   list.o
       254         14          0          0          0     428856   main.o
       772         18          0          0          0       5772   myemo.o
       136         28          4          5        160       7215   mytask.o
      1546         50          0         16       9361      10622   oled.o
       326          0         12          0          0       4792   pid.o
      1014         92          0         12          0      11737   port.o
      2696         26          0          0         64      22260   queue.o
        64         26        404          0       1536        848   startup_stm32f401xc.o
        96         20          0          9          0       7962   stm32f4xx_hal.o
       260         22          0          0          0      33606   stm32f4xx_hal_cortex.o
      1278         16          8          0          0       7444   stm32f4xx_hal_dma.o
       456         32          0          0          0       1436   stm32f4xx_hal_gpio.o
      6838         84          0          0          0      32712   stm32f4xx_hal_i2c.o
        84          6          0          0          0        866   stm32f4xx_hal_msp.o
      1888         94          0          0          0       6313   stm32f4xx_hal_rcc.o
      1176         52          0          0          0       9827   stm32f4xx_hal_tim.o
       160         22          0          0          0       2533   stm32f4xx_hal_tim_ex.o
       160         20          0          0         72       1443   stm32f4xx_hal_timebase_tim.o
       102         30          0          0          0       5363   stm32f4xx_it.o
         0          0          0          0          0       9480   stream_buffer.o
        20          6         24          4          0       1139   system_stm32f4xx.o
      3148        368          0         60       1220      29346   tasks.o
       176         12          0          0         72       1698   tim.o
      1462        124          0         20        280      32366   timers.o

    ----------------------------------------------------------------------
     26544       1482        490        272      31788     773539   Object Totals
         0          0         32          0          0          0   (incl. Generated)
        46          0          2          6          3          0   (incl. Padding)

    ----------------------------------------------------------------------

      Code (inc. data)   RO Data    RW Data    ZI Data      Debug   Library Member Name

         8          0          0          0          0         68   __main.o
         0          0          0          0          0          0   __rtentry.o
        12          0          0          0          0          0   __rtentry2.o
         6          0          0          0          0          0   __rtentry4.o
        52          8          0          0          0          0   __scatter.o
        26          0          0          0          0          0   __scatter_copy.o
        28          0          0          0          0          0   __scatter_zi.o
        22          0          0          0          0        100   _rserrno.o
        16          0          0          0          0         68   aeabi_memset.o
        18          0          0          0          0         80   exit.o
         6          0          0          0          0        152   heapauxi.o
         0          0          0          0          0          0   indicate_semi.o
        36         10          0          0          0         80   init_aeabi.o
         2          0          0          0          0          0   libinit.o
        10          0          0          0          0          0   libinit2.o
         2          0          0          0          0          0   libshutdown.o
         2          0          0          0          0          0   libshutdown2.o
         8          4          0          0         96         68   libspace.o
       238          0          0          0          0        100   lludivv7m.o
         8          4          0          0          0         68   rt_errno_addr_intlibspace.o
        68          0          0          0          0         68   rt_memclr.o
        78          0          0          0          0         80   rt_memclr_w.o
       138          0          0          0          0         68   rt_memcpy_v6.o
       100          0          0          0          0         80   rt_memcpy_w.o
         2          0          0          0          0          0   rtexit.o
        10          0          0          0          0          0   rtexit2.o
        12          4          0          0          0         68   sys_exit.o
        74          0          0          0          0         80   sys_stackheap_outer.o
         2          0          0          0          0         68   use_no_semi.o
        90          4          0          0          0        140   dfixu.o
        46          0          0          0          0        116   dflt_clz.o
       156          4          0          0          0        140   dnaninf.o
       408         56          0          0          0        168   dsqrt_umaal.o
        10          0          0          0          0        116   fpinit.o
         0          0          0          0          0          0   usenofp.o
       122          0          0          0          0        148   sqrt.o

    ----------------------------------------------------------------------
      1822         94          0          0        100       2124   Library Totals
         6          0          0          0          4          0   (incl. Padding)

    ----------------------------------------------------------------------

      Code (inc. data)   RO Data    RW Data    ZI Data      Debug   Library Name

       984         30          0          0         96       1296   c_w.l
       710         64          0          0          0        680   fz_wm.l
       122          0          0          0          0        148   m_wm.l

    ----------------------------------------------------------------------
      1822         94          0          0        100       2124   Library Totals

    ----------------------------------------------------------------------

==============================================================================


      Code (inc. data)   RO Data    RW Data    ZI Data      Debug   

     28366       1576        490        272      31888     752939   Grand Totals
     28366       1576        490        272      31888     752939   ELF Image Totals
     28366       1576        490        272          0          0   ROM Totals

==============================================================================

    Total RO  Size (Code + RO Data)                28856 (  28.18kB)
    Total RW  Size (RW Data + ZI Data)             32160 (  31.41kB)
    Total ROM Size (Code + RO Data + RW Data)      29128 (  28.45kB)

==============================================================================

